Archive member included to satisfy reference by file (symbol)

c:/program files (x86)/gnu tools arm embedded/9 2019-q4-major/bin/../lib/gcc/arm-none-eabi/9.2.1/../../../../arm-none-eabi/lib/thumb/v7e-m+dp/hard\libstdc++_nano.a(del_op.o)
                              debug/src/driver/gpio_array.o (operator delete(void*))
c:/program files (x86)/gnu tools arm embedded/9 2019-q4-major/bin/../lib/gcc/arm-none-eabi/9.2.1/../../../../arm-none-eabi/lib/thumb/v7e-m+dp/hard\libstdc++_nano.a(del_opv.o)
                              debug/src/device_driver/xpt2046.o (operator delete[](void*))
c:/program files (x86)/gnu tools arm embedded/9 2019-q4-major/bin/../lib/gcc/arm-none-eabi/9.2.1/../../../../arm-none-eabi/lib/thumb/v7e-m+dp/hard\libstdc++_nano.a(new_op.o)
                              debug/src/driver/gpio_array.o (operator new(unsigned int))
c:/program files (x86)/gnu tools arm embedded/9 2019-q4-major/bin/../lib/gcc/arm-none-eabi/9.2.1/../../../../arm-none-eabi/lib/thumb/v7e-m+dp/hard\libstdc++_nano.a(new_opv.o)
                              debug/src/driver/adc.o (operator new[](unsigned int))
c:/program files (x86)/gnu tools arm embedded/9 2019-q4-major/bin/../lib/gcc/arm-none-eabi/9.2.1/../../../../arm-none-eabi/lib/thumb/v7e-m+dp/hard\libstdc++_nano.a(functexcept.o)
                              debug/src/driver/gpio_array.o (std::__throw_bad_alloc())
c:/program files (x86)/gnu tools arm embedded/9 2019-q4-major/bin/../lib/gcc/arm-none-eabi/9.2.1/../../../../arm-none-eabi/lib/thumb/v7e-m+dp/hard\libstdc++_nano.a(functional.o)
                              debug/src/driver/elcdif.o (std::__throw_bad_function_call())
c:/program files (x86)/gnu tools arm embedded/9 2019-q4-major/bin/../lib/gcc/arm-none-eabi/9.2.1/../../../../arm-none-eabi/lib/thumb/v7e-m+dp/hard\libstdc++_nano.a(snprintf_lite.o)
                              c:/program files (x86)/gnu tools arm embedded/9 2019-q4-major/bin/../lib/gcc/arm-none-eabi/9.2.1/../../../../arm-none-eabi/lib/thumb/v7e-m+dp/hard\libstdc++_nano.a(functexcept.o) (__gnu_cxx::__snprintf_lite(char*, unsigned int, char const*, std::__va_list))
c:/program files (x86)/gnu tools arm embedded/9 2019-q4-major/bin/../lib/gcc/arm-none-eabi/9.2.1/../../../../arm-none-eabi/lib/thumb/v7e-m+dp/hard\libstdc++_nano.a(string-inst.o)
                              debug/src/device_driver/bluetooth.o (std::__cxx11::basic_string<char, std::char_traits<char>, std::allocator<char> >::_M_create(unsigned int&, unsigned int))
c:/program files (x86)/gnu tools arm embedded/9 2019-q4-major/bin/../lib/gcc/arm-none-eabi/9.2.1/../../../../arm-none-eabi/lib/thumb/v7e-m+dp/hard\libstdc++_nano.a(eh_exception.o)
                              c:/program files (x86)/gnu tools arm embedded/9 2019-q4-major/bin/../lib/gcc/arm-none-eabi/9.2.1/../../../../arm-none-eabi/lib/thumb/v7e-m+dp/hard\libstdc++_nano.a(functional.o) (std::exception::~exception())
c:/program files (x86)/gnu tools arm embedded/9 2019-q4-major/bin/../lib/gcc/arm-none-eabi/9.2.1/../../../../arm-none-eabi/lib/thumb/v7e-m+dp/hard\libstdc++_nano.a(new_handler.o)
                              c:/program files (x86)/gnu tools arm embedded/9 2019-q4-major/bin/../lib/gcc/arm-none-eabi/9.2.1/../../../../arm-none-eabi/lib/thumb/v7e-m+dp/hard\libstdc++_nano.a(new_op.o) (std::get_new_handler())
c:/program files (x86)/gnu tools arm embedded/9 2019-q4-major/bin/../lib/gcc/arm-none-eabi/9.2.1/../../../../arm-none-eabi/lib/thumb/v7e-m+dp/hard\libstdc++_nano.a(pure.o)
                              c:/program files (x86)/gnu tools arm embedded/9 2019-q4-major/bin/../lib/gcc/arm-none-eabi/9.2.1/../../../../arm-none-eabi/lib/thumb/v7e-m+dp/hard\libstdc++_nano.a(eh_exception.o) (__cxa_pure_virtual)
c:/program files (x86)/gnu tools arm embedded/9 2019-q4-major/bin/../lib/gcc/arm-none-eabi/9.2.1/../../../../arm-none-eabi/lib/thumb/v7e-m+dp/hard\libstdc++_nano.a(si_class_type_info.o)
                              c:/program files (x86)/gnu tools arm embedded/9 2019-q4-major/bin/../lib/gcc/arm-none-eabi/9.2.1/../../../../arm-none-eabi/lib/thumb/v7e-m+dp/hard\libstdc++_nano.a(functional.o) (vtable for __cxxabiv1::__si_class_type_info)
c:/program files (x86)/gnu tools arm embedded/9 2019-q4-major/bin/../lib/gcc/arm-none-eabi/9.2.1/../../../../arm-none-eabi/lib/thumb/v7e-m+dp/hard\libstdc++_nano.a(tinfo.o)
                              c:/program files (x86)/gnu tools arm embedded/9 2019-q4-major/bin/../lib/gcc/arm-none-eabi/9.2.1/../../../../arm-none-eabi/lib/thumb/v7e-m+dp/hard\libstdc++_nano.a(si_class_type_info.o) (std::type_info::__is_pointer_p() const)
c:/program files (x86)/gnu tools arm embedded/9 2019-q4-major/bin/../lib/gcc/arm-none-eabi/9.2.1/../../../../arm-none-eabi/lib/thumb/v7e-m+dp/hard\libstdc++_nano.a(class_type_info.o)
[...]
Memory Configuration

Name             Origin             Length             Attributes
m_flash          0x60000000         0x02000000         xr
m_itcm           0x00000000         0x00020000         xr
m_dtcm           0x20000000         0x00020000         rw
m_sdram          0x80000000         0x01000000         rw
m_ncache         0x81000000         0x01000000         rw
*default*        0x00000000         0xffffffff

Linker script and memory map

LOAD c:/program files (x86)/gnu tools arm embedded/9 2019-q4-major/bin/../lib/gcc/arm-none-eabi/9.2.1/thumb/v7e-m+dp/hard/crti.o
LOAD c:/program files (x86)/gnu tools arm embedded/9 2019-q4-major/bin/../lib/gcc/arm-none-eabi/9.2.1/thumb/v7e-m+dp/hard/crtbegin.o
LOAD c:/program files (x86)/gnu tools arm embedded/9 2019-q4-major/bin/../lib/gcc/arm-none-eabi/9.2.1/../../../../arm-none-eabi/lib/thumb/v7e-m+dp/hard/rdimon-crt0.o
LOAD debug/src/system/assert.o
LOAD debug/src/system/cmsis/semihosting_handle.o
LOAD debug/src/system/cmsis/system.o
LOAD debug/src/system/xip/sdram_ini_dcd.o
LOAD debug/src/system/xip/flexspi_nor_config.o
LOAD debug/src/system/xip/flexspi_nor_boot.o
LOAD debug/src/system/cmsis/startup.o
LOAD debug/src/main.o
LOAD debug/src/driver/hard_i2c_master.o
LOAD debug/src/driver/elcdif.o
LOAD debug/src/driver/gpio_array.o
LOAD debug/src/driver/dma.o
LOAD debug/src/driver/gpio.o
LOAD debug/src/driver/dma_mux.o
LOAD debug/src/driver/gpt.o
LOAD debug/src/driver/uart.o
LOAD debug/src/driver/pit.o
LOAD debug/src/driver/csi.o
LOAD debug/src/driver/spi_master.o
LOAD debug/src/driver/xbar.o
LOAD debug/src/driver/adc.o
LOAD debug/src/driver/flexspi.o
LOAD debug/src/driver/quad_decoder.o
LOAD debug/src/driver/eflexpwm.o
LOAD debug/src/driver/soft_i2c_master.o
LOAD debug/src/driver/i2c_master.o
LOAD debug/src/system/system.o
LOAD debug/src/system/clock.o
LOAD debug/src/system/temp_monitor.o
LOAD debug/src/system/systick.o
LOAD debug/src/system/pinout/MIMXRT1052.o
LOAD debug/src/device_driver/firege_5inch_touchscreen.o
LOAD debug/src/device_driver/dir_motor.o
LOAD debug/src/device_driver/led.o
LOAD debug/src/device_driver/servo.o
LOAD debug/src/device_driver/touchscreen_lcd.o
LOAD debug/src/device_driver/bluetooth.o
LOAD debug/src/device_driver/alternate_motor.o
LOAD debug/src/device_driver/encoder.o
LOAD debug/src/device_driver/lcd_console.o
LOAD debug/src/device_driver/xpt2046.o
LOAD debug/src/device_driver/MT9V034.o
LOAD debug/src/device_driver/rgb_led.o
LOAD debug/src/device_driver/voltage_meter.o
LOAD debug/src/device_driver/lcd.o
LOAD debug/src/device_driver/five_way_switch.o
LOAD debug/src/device_driver/mpu6050.o
LOAD debug/src/device_driver/st7735r.o
LOAD debug/src/device_driver/switch.o
LOAD debug/src/device_driver/eeprom.o
LOAD debug/src/device_driver/flash.o
LOAD ./src/system/cmsis/libarm_cortexM7lfdp_math.a
LOAD c:/program files (x86)/gnu tools arm embedded/9 2019-q4-major/bin/../lib/gcc/arm-none-eabi/9.2.1/../../../../arm-none-eabi/lib/thumb/v7e-m+dp/hard\libstdc++_nano.a
LOAD c:/program files (x86)/gnu tools arm embedded/9 2019-q4-major/bin/../lib/gcc/arm-none-eabi/9.2.1/../../../../arm-none-eabi/lib/thumb/v7e-m+dp/hard\libm.a
START GROUP
LOAD c:/program files (x86)/gnu tools arm embedded/9 2019-q4-major/bin/../lib/gcc/arm-none-eabi/9.2.1/thumb/v7e-m+dp/hard\libgcc.a
LOAD c:/program files (x86)/gnu tools arm embedded/9 2019-q4-major/bin/../lib/gcc/arm-none-eabi/9.2.1/../../../../arm-none-eabi/lib/thumb/v7e-m+dp/hard\libg_nano.a
LOAD c:/program files (x86)/gnu tools arm embedded/9 2019-q4-major/bin/../lib/gcc/arm-none-eabi/9.2.1/../../../../arm-none-eabi/lib/thumb/v7e-m+dp/hard\libc_nano.a
END GROUP
START GROUP
LOAD c:/program files (x86)/gnu tools arm embedded/9 2019-q4-major/bin/../lib/gcc/arm-none-eabi/9.2.1/thumb/v7e-m+dp/hard\libgcc.a
LOAD c:/program files (x86)/gnu tools arm embedded/9 2019-q4-major/bin/../lib/gcc/arm-none-eabi/9.2.1/../../../../arm-none-eabi/lib/thumb/v7e-m+dp/hard\libc_nano.a
LOAD c:/program files (x86)/gnu tools arm embedded/9 2019-q4-major/bin/../lib/gcc/arm-none-eabi/9.2.1/../../../../arm-none-eabi/lib/thumb/v7e-m+dp/hard\librdimon_nano.a
END GROUP
START GROUP
LOAD c:/program files (x86)/gnu tools arm embedded/9 2019-q4-major/bin/../lib/gcc/arm-none-eabi/9.2.1/thumb/v7e-m+dp/hard\libgcc.a
LOAD c:/program files (x86)/gnu tools arm embedded/9 2019-q4-major/bin/../lib/gcc/arm-none-eabi/9.2.1/../../../../arm-none-eabi/lib/thumb/v7e-m+dp/hard\libc_nano.a
LOAD c:/program files (x86)/gnu tools arm embedded/9 2019-q4-major/bin/../lib/gcc/arm-none-eabi/9.2.1/../../../../arm-none-eabi/lib/thumb/v7e-m+dp/hard\librdimon_nano.a
END GROUP
LOAD c:/program files (x86)/gnu tools arm embedded/9 2019-q4-major/bin/../lib/gcc/arm-none-eabi/9.2.1/thumb/v7e-m+dp/hard/crtend.o
LOAD c:/program files (x86)/gnu tools arm embedded/9 2019-q4-major/bin/../lib/gcc/arm-none-eabi/9.2.1/thumb/v7e-m+dp/hard/crtn.o
                0x00009000                HEAP_SIZE = DEFINED (__heap_size__)?__heap_size__:0x9000
                0x00009000                STACK_SIZE = DEFINED (__stack_size__)?__stack_size__:0x9000

.flash_config   0x60000000      0x200
                0x60000000                FLASH_PTR = .
                0x60000000                . = ALIGN (0x4)
                0x60000000                __FLASH_BASE = .
 *(.boot_hdr.conf)
 .boot_hdr.conf
                0x60000000      0x200 debug/src/system/xip/flexspi_nor_config.o
                0x60000000                flash_config
                0x60000200                . = ALIGN (0x4)

.ivt            0x60001000     0x1000
                0x60001000                . = ALIGN (0x4)
 *(.boot_hdr.ivt)
 .boot_hdr.ivt  0x60001000       0x20 debug/src/system/xip/flexspi_nor_boot.o
                0x60001000                image_vector_table
 *(.boot_hdr.boot_data)
 .boot_hdr.boot_data
                0x60001020       0x10 debug/src/system/xip/flexspi_nor_boot.o
                0x60001020                boot_data
 *(.boot_hdr.dcd_data)
 .boot_hdr.dcd_data
                0x60001030      0x430 debug/src/system/xip/sdram_ini_dcd.o
                0x60001030                dcd_data
                0x60001460                . = ALIGN (0x4)
                0x60001ba0                FLASH_DIFF = ((FLASH_PTR + 0x2000) - .)
                0x00001000                . = (. + FLASH_DIFF)
 *fill*         0x60001460      0xba0 

.interrupts     0x00002000      0x400 load address 0x60002000
                0x00002000                __VECTOR_TABLE = .
                0x00002000                . = ALIGN (0x4)
 *(.isr_vector)
 .isr_vector    0x00002000      0x400 debug/src/system/cmsis/startup.o
                0x00002000                __isr_vector
                0x00002400                . = ALIGN (0x4)
                0x00002000                __VECTOR_RAM = __VECTOR_TABLE
                0x00000000                __RAM_VECTOR_TABLE_SIZE_BYTES = 0x0

.text           0x00002400     0xf170 load address 0x60002400
                0x00002400                . = ALIGN (0x4)
 *(.text)
 .text          0x00002400       0x40 c:/program files (x86)/gnu tools arm embedded/9 2019-q4-major/bin/../lib/gcc/arm-none-eabi/9.2.1/thumb/v7e-m+dp/hard/crtbegin.o
 .text          0x00002440       0xe8 c:/program files (x86)/gnu tools arm embedded/9 2019-q4-major/bin/../lib/gcc/arm-none-eabi/9.2.1/../../../../arm-none-eabi/lib/thumb/v7e-m+dp/hard/rdimon-crt0.o
                0x00002440                _start
                0x00002440                _mainCRTStartup
 .text          0x00002528      0x1f4 debug/src/system/cmsis/startup.o
                0x00002528                Reset_Handler
                0x00002570                LPUART8_DriverIRQHandler
                0x00002570                LPSPI2_DriverIRQHandler
                0x00002570                SJC_IRQHandler
                0x00002570                ADC_ETC_IRQ0_IRQHandler
                0x00002570                DebugMon_Handler
                0x00002570                SAI3_RX_DriverIRQHandler
                0x00002570                PXP_IRQHandler
                0x00002570                DMA13_DMA29_DriverIRQHandler
                0x00002570                Reserved86_IRQHandler
                0x00002570                SRC_IRQHandler
                0x00002570                LPSPI4_DriverIRQHandler
                0x00002570                SPDIF_DriverIRQHandler
                0x00002570                SNVS_LP_WRAPPER_IRQHandler
                0x00002570                ENC2_IRQHandler
                0x00002570                PWM2_2_IRQHandler
                0x00002570                ANATOP_TEMP_PANIC_IRQHandler
                0x00002570                PWM1_3_IRQHandler
                0x00002570                CTI1_ERROR_IRQHandler
                0x00002570                Reserved168_IRQHandler
                0x00002570                PWM4_FAULT_IRQHandler
                0x00002570                CCM_1_IRQHandler
                0x00002570                ANATOP_EVENT1_IRQHandler
                0x00002570                ADC_ETC_IRQ1_IRQHandler
                0x00002570                PWM3_FAULT_IRQHandler
                0x00002570                TRNG_IRQHandler
                0x00002570                TMR1_IRQHandler
                0x00002570                DMA7_DMA23_DriverIRQHandler
                0x00002570                CTI0_ERROR_IRQHandler
                0x00002570                PWM1_0_IRQHandler
                0x00002570                Reserved68_IRQHandler
                0x00002570                LPI2C3_DriverIRQHandler
                0x00002570                USB_PHY2_IRQHandler
                0x00002570                TSC_DIG_IRQHandler
                0x00002570                CAN1_DriverIRQHandler
                0x00002570                PWM2_0_IRQHandler
                0x00002570                DCP_VMI_IRQHandler
                0x00002570                PWM4_0_IRQHandler
                0x00002570                DMA14_DMA30_DriverIRQHandler
                0x00002570                ENET_1588_Timer_DriverIRQHandler
                0x00002570                DMA_ERROR_DriverIRQHandler
                0x00002570                PWM2_1_IRQHandler
                0x00002570                PWM2_FAULT_IRQHandler
                0x00002570                FLEXIO2_DriverIRQHandler
                0x00002570                UsageFault_Handler
                0x00002570                WDOG1_IRQHandler
                0x00002570                LPI2C2_DriverIRQHandler
                0x00002570                LPUART5_DriverIRQHandler
                0x00002570                GPT1_IRQHandler
                0x00002570                PWM4_1_IRQHandler
                0x00002570                USB_OTG2_IRQHandler
                0x00002570                ACMP4_IRQHandler
                0x00002570                SEMC_IRQHandler
                0x00002570                DMA0_DMA16_DriverIRQHandler
                0x00002570                DefaultISR
                0x00002570                PWM1_1_IRQHandler
                0x00002570                DMA2_DMA18_DriverIRQHandler
                0x00002570                PWM3_0_IRQHandler
                0x00002570                USDHC1_DriverIRQHandler
                0x00002570                PWM3_3_IRQHandler
                0x00002570                LPUART2_DriverIRQHandler
                0x00002570                CSU_IRQHandler
                0x00002570                ENC4_IRQHandler
                0x00002570                FLEXIO1_DriverIRQHandler
                0x00002570                ENET_DriverIRQHandler
                0x00002570                RTWDOG_IRQHandler
                0x00002570                USB_PHY1_IRQHandler
                0x00002570                SAI1_DriverIRQHandler
                0x00002570                DMA12_DMA28_DriverIRQHandler
                0x00002570                ENC3_IRQHandler
                0x00002570                EWM_IRQHandler
                0x00002570                LPSPI3_DriverIRQHandler
                0x00002570                WDOG2_IRQHandler
                0x00002570                FLEXSPI_DriverIRQHandler
                0x00002570                DMA15_DMA31_DriverIRQHandler
                0x00002570                PWM3_1_IRQHandler
                0x00002570                ANATOP_TAMP_LOW_HIGH_IRQHandler
                0x00002570                PWM2_3_IRQHandler
                0x00002570                CORE_IRQHandler
                0x00002570                Reserved87_IRQHandler
                0x00002570                DMA10_DMA26_DriverIRQHandler
                0x00002570                Reserved172_IRQHandler
                0x00002570                PWM1_2_IRQHandler
                0x00002570                Reserved144_IRQHandler
                0x00002570                GPR_IRQ_IRQHandler
                0x00002570                GPC_IRQHandler
                0x00002570                LPUART1_DriverIRQHandler
                0x00002570                DCDC_IRQHandler
                0x00002570                PWM4_3_IRQHandler
                0x00002570                BusFault_Handler
                0x00002570                Reserved173_IRQHandler
                0x00002570                DMA1_DMA17_DriverIRQHandler
                0x00002570                USB_OTG1_IRQHandler
                0x00002570                LPUART4_DriverIRQHandler
                0x00002570                CAN2_DriverIRQHandler
                0x00002570                TMR2_IRQHandler
                0x00002570                ADC_ETC_ERROR_IRQ_IRQHandler
                0x00002570                DMA8_DMA24_DriverIRQHandler
                0x00002570                PWM4_2_IRQHandler
                0x00002570                DMA6_DMA22_DriverIRQHandler
                0x00002570                BEE_IRQHandler
                0x00002570                ACMP1_IRQHandler
                0x00002570                ADC_ETC_IRQ2_IRQHandler
                0x00002570                LPUART6_DriverIRQHandler
                0x00002570                CCM_2_IRQHandler
                0x00002570                KPP_IRQHandler
                0x00002570                DMA5_DMA21_DriverIRQHandler
                0x00002570                USDHC2_DriverIRQHandler
                0x00002570                MemManage_Handler
                0x00002570                SAI2_DriverIRQHandler
                0x00002570                FLEXRAM_IRQHandler
                0x00002570                Reserved115_IRQHandler
                0x00002570                SNVS_HP_WRAPPER_IRQHandler
                0x00002570                GPT2_IRQHandler
                0x00002570                DMA11_DMA27_DriverIRQHandler
                0x00002570                ACMP2_IRQHandler
                0x00002570                XBAR1_IRQ_2_3_IRQHandler
                0x00002570                PWM3_2_IRQHandler
                0x00002570                LPI2C1_DriverIRQHandler
                0x00002570                DCP_IRQHandler
                0x00002570                Reserved171_IRQHandler
                0x00002570                LPUART7_DriverIRQHandler
                0x00002570                Reserved123_IRQHandler
                0x00002570                DMA4_DMA20_DriverIRQHandler
                0x00002570                SJC_ARM_DEBUG_IRQHandler
                0x00002570                DMA9_DMA25_DriverIRQHandler
                0x00002570                LPSPI1_DriverIRQHandler
                0x00002570                DMA3_DMA19_DriverIRQHandler
                0x00002570                TMR4_IRQHandler
                0x00002570                ACMP3_IRQHandler
                0x00002570                Reserved170_IRQHandler
                0x00002570                ENC1_IRQHandler
                0x00002570                PWM1_FAULT_IRQHandler
                0x00002570                Reserved143_IRQHandler
                0x00002570                ANATOP_EVENT0_IRQHandler
                0x00002570                LPI2C4_DriverIRQHandler
                0x00002570                TMR3_IRQHandler
                0x00002570                SAI3_TX_DriverIRQHandler
                0x00002570                XBAR1_IRQ_0_1_IRQHandler
                0x00002570                SNVS_HP_WRAPPER_TZ_IRQHandler
                0x00002570                Reserved169_IRQHandler
                0x00002570                LPUART3_DriverIRQHandler
                0x00002574                NMI_Handler
                0x0000257c                SVC_Handler
                0x00002580                PendSV_Handler
                0x00002588                NMI_WAKEUP_IRQHandler
                0x000025cc                DMA_ERROR_IRQHandler
                0x000025f0                LPI2C1_IRQHandler
                0x000025f4                LPI2C2_IRQHandler
                0x000025f8                LPI2C3_IRQHandler
                0x000025fc                LPI2C4_IRQHandler
                0x00002600                LPSPI1_IRQHandler
                0x00002604                LPSPI2_IRQHandler
                0x00002608                LPSPI3_IRQHandler
                0x0000260c                LPSPI4_IRQHandler
                0x00002610                CAN1_IRQHandler
                0x00002614                CAN2_IRQHandler
                0x00002618                SAI1_IRQHandler
                0x0000261c                SAI2_IRQHandler
                0x00002620                SAI3_RX_IRQHandler
                0x00002624                SAI3_TX_IRQHandler
                0x00002628                SPDIF_IRQHandler
                0x0000262c                FLEXIO1_IRQHandler
                0x00002630                FLEXIO2_IRQHandler
                0x00002634                FLEXSPI_IRQHandler
                0x00002638                USDHC1_IRQHandler
                0x0000263c                USDHC2_IRQHandler
                0x00002640                ENET_IRQHandler
                0x00002644                ENET_1588_Timer_IRQHandler
 .text          0x0000271c       0x30 c:/program files (x86)/gnu tools arm embedded/9 2019-q4-major/bin/../lib/gcc/arm-none-eabi/9.2.1/thumb/v7e-m+dp/hard\libgcc.a(_aeabi_uldivmod.o)
                0x0000271c                __aeabi_uldivmod
 .text          0x0000274c      0x2c4 c:/program files (x86)/gnu tools arm embedded/9 2019-q4-major/bin/../lib/gcc/arm-none-eabi/9.2.1/thumb/v7e-m+dp/hard\libgcc.a(_udivmoddi4.o)
                0x0000274c                __udivmoddi4
 .text          0x00002a10        0x4 c:/program files (x86)/gnu tools arm embedded/9 2019-q4-major/bin/../lib/gcc/arm-none-eabi/9.2.1/thumb/v7e-m+dp/hard\libgcc.a(_dvmd_tls.o)
                0x00002a10                __aeabi_idiv0
                0x00002a10                __aeabi_ldiv0
 *fill*         0x00002a14        0xc 
 .text          0x00002a20       0xa0 c:/program files (x86)/gnu tools arm embedded/9 2019-q4-major/bin/../lib/gcc/arm-none-eabi/9.2.1/../../../../arm-none-eabi/lib/thumb/v7e-m+dp/hard\libg_nano.a(lib_a-memchr.o)
                0x00002a20                memchr
 .text          0x00002ac0       0x10 c:/program files (x86)/gnu tools arm embedded/9 2019-q4-major/bin/../lib/gcc/arm-none-eabi/9.2.1/../../../../arm-none-eabi/lib/thumb/v7e-m+dp/hard\libg_nano.a(lib_a-strlen.o)
                0x00002ac0                strlen
 *(.text*)
 .text.__assert_func
                0x00002ad0       0x4c debug/src/system/assert.o
                0x00002ad0                __assert_func
 .text.HardFault_Handler
                0x00002b1c       0x2e debug/src/system/cmsis/semihosting_handle.o
                0x00002b1c                HardFault_Handler
 .text.SystemInitHook
                0x00002b4a        0x2 debug/src/system/cmsis/system.o
                0x00002b4a                SystemInitHook
 .text.SystemInit
                0x00002b4c      0x130 debug/src/system/cmsis/system.o
                0x00002b4c                SystemInit
 .text.main     0x00002c7c      0x424 debug/src/main.o
                0x00002c7c                main
 .text._ZN6Driver13HardI2CMaster7GetByteEPhb
                0x000030a0        0xa debug/src/driver/hard_i2c_master.o
                0x000030a0                Driver::HardI2CMaster::GetByte(unsigned char*, bool)
 *fill*         0x000030aa        0x2 
 .text._ZN6Driver13HardI2CMaster11SetBaudRateEmm
                0x000030ac      0x104 debug/src/driver/hard_i2c_master.o
                0x000030ac                Driver::HardI2CMaster::SetBaudRate(unsigned long, unsigned long)
 .text._ZN6Driver13HardI2CMaster17GetCyclesForWidthEmmmm
                0x000031b0       0x5c debug/src/driver/hard_i2c_master.o
                0x000031b0                Driver::HardI2CMaster::GetCyclesForWidth(unsigned long, unsigned long, unsigned long, unsigned long)
 .text._ZN6Driver13HardI2CMasterC2ERKNS_9I2CMaster6ConfigE
                0x0000320c      0x254 debug/src/driver/hard_i2c_master.o
                0x0000320c                Driver::HardI2CMaster::HardI2CMaster(Driver::I2CMaster::Config const&)
                0x0000320c                Driver::HardI2CMaster::HardI2CMaster(Driver::I2CMaster::Config const&)
 .text._ZN6Driver13HardI2CMaster15CheckForBusyBusEv
                0x00003460       0x12 debug/src/driver/hard_i2c_master.o
                0x00003460                Driver::HardI2CMaster::CheckForBusyBus()
 .text._ZN6Driver13HardI2CMaster8SendByteEhhh
                0x00003472       0x60 debug/src/driver/hard_i2c_master.o
                0x00003472                Driver::HardI2CMaster::SendByte(unsigned char, unsigned char, unsigned char)
 .text._ZN6Driver13HardI2CMaster8SendByteEhth
                0x000034d2       0x74 debug/src/driver/hard_i2c_master.o
                0x000034d2                Driver::HardI2CMaster::SendByte(unsigned char, unsigned short, unsigned char)
 .text._ZN6Driver13HardI2CMaster9SendBytesEhhPKhh
                0x00003546       0x74 debug/src/driver/hard_i2c_master.o
                0x00003546                Driver::HardI2CMaster::SendBytes(unsigned char, unsigned char, unsigned char const*, unsigned char)
 .text._ZN6Driver13HardI2CMaster9SendBytesEhtPKhh
                0x000035ba       0x8a debug/src/driver/hard_i2c_master.o
                0x000035ba                Driver::HardI2CMaster::SendBytes(unsigned char, unsigned short, unsigned char const*, unsigned char)
 .text._ZN6Driver13HardI2CMaster18CheckAndClearErrorEv
                0x00003644       0x24 debug/src/driver/hard_i2c_master.o
                0x00003644                Driver::HardI2CMaster::CheckAndClearError()
 .text._ZN6Driver13HardI2CMaster7GetByteERh
                0x00003668       0xe0 debug/src/driver/hard_i2c_master.o
                0x00003668                Driver::HardI2CMaster::GetByte(unsigned char&)
 .text._ZN6Driver13HardI2CMaster14WaitForTxReadyEv
                0x00003748       0xd8 debug/src/driver/hard_i2c_master.o
                0x00003748                Driver::HardI2CMaster::WaitForTxReady()
 .text._ZN6Driver13HardI2CMaster20SendByteWithStartCMDEh
                0x00003820       0x16 debug/src/driver/hard_i2c_master.o
                0x00003820                Driver::HardI2CMaster::SendByteWithStartCMD(unsigned char)
 *fill*         0x00003836        0x2 
 .text._ZN6Driver13HardI2CMaster11SendStopCMDEv
                0x00003838       0xf0 debug/src/driver/hard_i2c_master.o
                0x00003838                Driver::HardI2CMaster::SendStopCMD()
 .text._ZN6Driver13HardI2CMaster8SendByteEh
                0x00003928       0x12 debug/src/driver/hard_i2c_master.o
                0x00003928                Driver::HardI2CMaster::SendByte(unsigned char)
 .text._ZN6Driver13HardI2CMaster7GetByteEhhRh
                0x0000393a       0x86 debug/src/driver/hard_i2c_master.o
                0x0000393a                Driver::HardI2CMaster::GetByte(unsigned char, unsigned char, unsigned char&)
 .text._ZN6Driver13HardI2CMaster7GetByteEhtRh
                0x000039c0       0x92 debug/src/driver/hard_i2c_master.o
                0x000039c0                Driver::HardI2CMaster::GetByte(unsigned char, unsigned short, unsigned char&)
 .text._ZN6Driver13HardI2CMaster8GetBytesEhhPhh
                0x00003a52       0xb0 debug/src/driver/hard_i2c_master.o
                0x00003a52                Driver::HardI2CMaster::GetBytes(unsigned char, unsigned char, unsigned char*, unsigned char)
 .text._ZN6Driver13HardI2CMaster8GetBytesEhtPhh
                0x00003b02       0xbc debug/src/driver/hard_i2c_master.o
                0x00003b02                Driver::HardI2CMaster::GetBytes(unsigned char, unsigned short, unsigned char*, unsigned char)
 .text._ZNSt8functionIFvPN6Driver6eLCDIFEEEC2ERKS4_
                0x00003bbe       0x1e debug/src/driver/elcdif.o
                0x00003bbe                std::function<void (Driver::eLCDIF*)>::function(std::function<void (Driver::eLCDIF*)> const&)
                0x00003bbe                std::function<void (Driver::eLCDIF*)>::function(std::function<void (Driver::eLCDIF*)> const&)
 .text._ZNKSt8functionIFvPN6Driver6eLCDIFEEEclES2_
                0x00003bdc       0x1a debug/src/driver/elcdif.o
                0x00003bdc                std::function<void (Driver::eLCDIF*)>::operator()(Driver::eLCDIF*) const
 *fill*         0x00003bf6        0x2 
 .text.LCDIF_IRQHandler
                0x00003bf8       0x3c debug/src/driver/elcdif.o
                0x00003bf8                LCDIF_IRQHandler
 .text._Z41__static_initialization_and_destruction_0ii
                0x00003c34       0x50 debug/src/driver/dma.o
 .text._ZNKSt8functionIFvPN6Driver3DMAEEEclES2_
                0x00003c84       0x1a debug/src/driver/dma.o
                0x00003c84                std::function<void (Driver::DMA*)>::operator()(Driver::DMA*) const
 *fill*         0x00003c9e        0x2 
 .text.DMA0_DMA16_IRQHandler
                0x00003ca0       0x4c debug/src/driver/dma.o
                0x00003ca0                DMA0_DMA16_IRQHandler
 .text.DMA1_DMA17_IRQHandler
                0x00003cec       0x4c debug/src/driver/dma.o
                0x00003cec                DMA1_DMA17_IRQHandler
 .text.DMA2_DMA18_IRQHandler
                0x00003d38       0x4c debug/src/driver/dma.o
                0x00003d38                DMA2_DMA18_IRQHandler
 .text.DMA3_DMA19_IRQHandler
                0x00003d84       0x4c debug/src/driver/dma.o
                0x00003d84                DMA3_DMA19_IRQHandler
 .text.DMA4_DMA20_IRQHandler
                0x00003dd0       0x4c debug/src/driver/dma.o
                0x00003dd0                DMA4_DMA20_IRQHandler
 .text.DMA5_DMA21_IRQHandler
                0x00003e1c       0x4c debug/src/driver/dma.o
                0x00003e1c                DMA5_DMA21_IRQHandler
 .text.DMA6_DMA22_IRQHandler
                0x00003e68       0x4c debug/src/driver/dma.o
                0x00003e68                DMA6_DMA22_IRQHandler
 .text.DMA7_DMA23_IRQHandler
                0x00003eb4       0x4c debug/src/driver/dma.o
                0x00003eb4                DMA7_DMA23_IRQHandler
 .text.DMA8_DMA24_IRQHandler
                0x00003f00       0x4c debug/src/driver/dma.o
                0x00003f00                DMA8_DMA24_IRQHandler
 .text.DMA9_DMA25_IRQHandler
                0x00003f4c       0x4c debug/src/driver/dma.o
                0x00003f4c                DMA9_DMA25_IRQHandler
 .text.DMA10_DMA26_IRQHandler
                0x00003f98       0x4c debug/src/driver/dma.o
                0x00003f98                DMA10_DMA26_IRQHandler
 .text.DMA11_DMA27_IRQHandler
                0x00003fe4       0x4c debug/src/driver/dma.o
                0x00003fe4                DMA11_DMA27_IRQHandler
 .text.DMA12_DMA28_IRQHandler
                0x00004030       0x4c debug/src/driver/dma.o
                0x00004030                DMA12_DMA28_IRQHandler
 .text.DMA13_DMA29_IRQHandler
                0x0000407c       0x4c debug/src/driver/dma.o
                0x0000407c                DMA13_DMA29_IRQHandler
 .text.DMA14_DMA30_IRQHandler
                0x000040c8       0x4c debug/src/driver/dma.o
                0x000040c8                DMA14_DMA30_IRQHandler
 .text.DMA15_DMA31_IRQHandler
                0x00004114       0x4c debug/src/driver/dma.o
                0x00004114                DMA15_DMA31_IRQHandler
 .text._GLOBAL__sub_I__ZN6Driver7dma_ptrE
                0x00004160        0xe debug/src/driver/dma.o
 .text._GLOBAL__sub_D__ZN6Driver7dma_ptrE
                0x0000416e        0xe debug/src/driver/dma.o
 .text._Z41__static_initialization_and_destruction_0ii
                0x0000417c       0x50 debug/src/driver/gpio.o
 .text.GPIO1_INT0_IRQHandler
                0x000041cc        0x2 debug/src/driver/gpio.o
                0x000041cc                GPIO1_INT0_IRQHandler
 .text.GPIO1_INT1_IRQHandler
                0x000041ce        0x2 debug/src/driver/gpio.o
                0x000041ce                GPIO1_INT1_IRQHandler
 .text.GPIO1_INT2_IRQHandler
                0x000041d0        0x2 debug/src/driver/gpio.o
                0x000041d0                GPIO1_INT2_IRQHandler
 .text.GPIO1_INT3_IRQHandler
                0x000041d2        0x2 debug/src/driver/gpio.o
                0x000041d2                GPIO1_INT3_IRQHandler
 .text.GPIO1_INT4_IRQHandler
                0x000041d4        0x2 debug/src/driver/gpio.o
                0x000041d4                GPIO1_INT4_IRQHandler
 .text.GPIO1_INT5_IRQHandler
                0x000041d6        0x2 debug/src/driver/gpio.o
                0x000041d6                GPIO1_INT5_IRQHandler
 .text.GPIO1_INT6_IRQHandler
                0x000041d8        0x2 debug/src/driver/gpio.o
                0x000041d8                GPIO1_INT6_IRQHandler
 .text.GPIO1_INT7_IRQHandler
                0x000041da        0x2 debug/src/driver/gpio.o
                0x000041da                GPIO1_INT7_IRQHandler
 .text._ZNSt8functionIFvPN6Driver4GPIOEEEC2ERKS4_
                0x000041dc       0x1e debug/src/driver/gpio.o
                0x000041dc                std::function<void (Driver::GPIO*)>::function(std::function<void (Driver::GPIO*)> const&)
                0x000041dc                std::function<void (Driver::GPIO*)>::function(std::function<void (Driver::GPIO*)> const&)
 .text._ZNKSt8functionIFvPN6Driver4GPIOEEEclES2_
                0x000041fa       0x1a debug/src/driver/gpio.o
                0x000041fa                std::function<void (Driver::GPIO*)>::operator()(Driver::GPIO*) const
 .text.GPIO1_Combined_0_15_IRQHandler
                0x00004214       0x7c debug/src/driver/gpio.o
                0x00004214                GPIO1_Combined_0_15_IRQHandler
 .text.GPIO1_Combined_16_31_IRQHandler
                0x00004290       0x7c debug/src/driver/gpio.o
                0x00004290                GPIO1_Combined_16_31_IRQHandler
 .text.GPIO2_Combined_0_15_IRQHandler
                0x0000430c       0x7c debug/src/driver/gpio.o
                0x0000430c                GPIO2_Combined_0_15_IRQHandler
 .text.GPIO2_Combined_16_31_IRQHandler
                0x00004388       0x7c debug/src/driver/gpio.o
                0x00004388                GPIO2_Combined_16_31_IRQHandler
 .text.GPIO3_Combined_0_15_IRQHandler
                0x00004404       0x7c debug/src/driver/gpio.o
                0x00004404                GPIO3_Combined_0_15_IRQHandler
 .text.GPIO3_Combined_16_31_IRQHandler
                0x00004480       0x7c debug/src/driver/gpio.o
                0x00004480                GPIO3_Combined_16_31_IRQHandler
 .text.GPIO4_Combined_0_15_IRQHandler
                0x000044fc       0x7c debug/src/driver/gpio.o
                0x000044fc                GPIO4_Combined_0_15_IRQHandler
 .text.GPIO4_Combined_16_31_IRQHandler
                0x00004578       0x7c debug/src/driver/gpio.o
                0x00004578                GPIO4_Combined_16_31_IRQHandler
 .text.GPIO5_Combined_0_15_IRQHandler
                0x000045f4       0x7c debug/src/driver/gpio.o
                0x000045f4                GPIO5_Combined_0_15_IRQHandler
 .text.GPIO5_Combined_16_31_IRQHandler
                0x00004670       0x7c debug/src/driver/gpio.o
                0x00004670                GPIO5_Combined_16_31_IRQHandler
 .text._ZNSt6vectorIPN6Driver4GPIOESaIS2_EE17_M_realloc_insertIJS2_EEEvN9__gnu_cxx17__normal_iteratorIPS2_S4_EEDpOT_
                0x000046ec       0xcc debug/src/driver/gpio.o
                0x000046ec                void std::vector<Driver::GPIO*, std::allocator<Driver::GPIO*> >::_M_realloc_insert<Driver::GPIO*>(__gnu_cxx::__normal_iterator<Driver::GPIO**, std::vector<Driver::GPIO*, std::allocator<Driver::GPIO*> > >, Driver::GPIO*&&)
 .text._ZNSt6vectorIPN6Driver4GPIOESaIS2_EE12emplace_backIJS2_EEEvDpOT_
                0x000047b8       0x20 debug/src/driver/gpio.o
                0x000047b8                void std::vector<Driver::GPIO*, std::allocator<Driver::GPIO*> >::emplace_back<Driver::GPIO*>(Driver::GPIO*&&)
 .text._ZN6Driver4GPIOC2ERKNS0_6ConfigE
                0x000047d8      0x3fc debug/src/driver/gpio.o
                0x000047d8                Driver::GPIO::GPIO(Driver::GPIO::Config const&)
                0x000047d8                Driver::GPIO::GPIO(Driver::GPIO::Config const&)
 .text._ZSt12__niter_baseIPPN6Driver4GPIOESt6vectorIS2_SaIS2_EEET_N9__gnu_cxx17__normal_iteratorIS7_T0_EE
                0x00004bd4        0x2 debug/src/driver/gpio.o
                0x00004bd4                Driver::GPIO** std::__niter_base<Driver::GPIO**, std::vector<Driver::GPIO*, std::allocator<Driver::GPIO*> > >(__gnu_cxx::__normal_iterator<Driver::GPIO**, std::vector<Driver::GPIO*, std::allocator<Driver::GPIO*> > >)
 .text._ZNSt6vectorIPN6Driver4GPIOESaIS2_EE8_M_eraseEN9__gnu_cxx17__normal_iteratorIPS2_S4_EE
                0x00004bd6       0x38 debug/src/driver/gpio.o
                0x00004bd6                std::vector<Driver::GPIO*, std::allocator<Driver::GPIO*> >::_M_erase(__gnu_cxx::__normal_iterator<Driver::GPIO**, std::vector<Driver::GPIO*, std::allocator<Driver::GPIO*> > >)
 *fill*         0x00004c0e        0x2 
 .text._ZN6Driver4GPIOD2Ev
                0x00004c10       0x70 debug/src/driver/gpio.o
                0x00004c10                Driver::GPIO::~GPIO()
                0x00004c10                Driver::GPIO::~GPIO()
 .text._GLOBAL__sub_I__ZN6Driver13port_listenerE
                0x00004c80        0xe debug/src/driver/gpio.o
 .text._GLOBAL__sub_D__ZN6Driver13port_listenerE
                0x00004c8e        0xe debug/src/driver/gpio.o
 .text._Z41__static_initialization_and_destruction_0ii
                0x00004c9c       0x84 debug/src/driver/uart.o
 .text._ZNKSt8functionIFvRSt6vectorIhSaIhEEEEclES3_
                0x00004d20       0x10 debug/src/driver/uart.o
                0x00004d20                std::function<void (std::vector<unsigned char, std::allocator<unsigned char> >&)>::operator()(std::vector<unsigned char, std::allocator<unsigned char> >&) const
 .text._ZNSt6vectorIhSaIhEE17_M_realloc_insertIJhEEEvN9__gnu_cxx17__normal_iteratorIPhS1_EEDpOT_
                0x00004d30       0xbc debug/src/driver/uart.o
                0x00004d30                void std::vector<unsigned char, std::allocator<unsigned char> >::_M_realloc_insert<unsigned char>(__gnu_cxx::__normal_iterator<unsigned char*, std::vector<unsigned char, std::allocator<unsigned char> > >, unsigned char&&)
 .text._ZNSt6vectorIhSaIhEE12emplace_backIJhEEEvDpOT_
                0x00004dec       0x20 debug/src/driver/uart.o
                0x00004dec                void std::vector<unsigned char, std::allocator<unsigned char> >::emplace_back<unsigned char>(unsigned char&&)
 .text.LPUART1_IRQHandler
                0x00004e0c       0x94 debug/src/driver/uart.o
                0x00004e0c                LPUART1_IRQHandler
 .text.LPUART2_IRQHandler
                0x00004ea0       0x94 debug/src/driver/uart.o
                0x00004ea0                LPUART2_IRQHandler
 .text.LPUART3_IRQHandler
                0x00004f34       0x94 debug/src/driver/uart.o
                0x00004f34                LPUART3_IRQHandler
 .text.LPUART4_IRQHandler
                0x00004fc8       0x94 debug/src/driver/uart.o
                0x00004fc8                LPUART4_IRQHandler
 .text.LPUART5_IRQHandler
                0x0000505c       0x94 debug/src/driver/uart.o
                0x0000505c                LPUART5_IRQHandler
 .text.LPUART6_IRQHandler
                0x000050f0       0x94 debug/src/driver/uart.o
                0x000050f0                LPUART6_IRQHandler
 .text.LPUART7_IRQHandler
                0x00005184       0x94 debug/src/driver/uart.o
                0x00005184                LPUART7_IRQHandler
 .text.LPUART8_IRQHandler
                0x00005218       0x94 debug/src/driver/uart.o
                0x00005218                LPUART8_IRQHandler
 .text._GLOBAL__sub_I__ZN6Driver8Listener17uart_tx_listenersE
                0x000052ac        0xe debug/src/driver/uart.o
 .text._GLOBAL__sub_D__ZN6Driver8Listener17uart_tx_listenersE
                0x000052ba        0xe debug/src/driver/uart.o
 .text._ZNSt8functionIFvPN6Driver3PitEEEC2ERKS4_
                0x000052c8       0x1e debug/src/driver/pit.o
                0x000052c8                std::function<void (Driver::Pit*)>::function(std::function<void (Driver::Pit*)> const&)
                0x000052c8                std::function<void (Driver::Pit*)>::function(std::function<void (Driver::Pit*)> const&)
 .text._ZNKSt8functionIFvPN6Driver3PitEEEclES2_
                0x000052e6       0x1a debug/src/driver/pit.o
                0x000052e6                std::function<void (Driver::Pit*)>::operator()(Driver::Pit*) const
 .text.PIT_IRQHandler
                0x00005300       0xd8 debug/src/driver/pit.o
                0x00005300                PIT_IRQHandler
 .text._ZN6Driver3Csi9ClearFIFOEh
                0x000053d8       0x36 debug/src/driver/csi.o
                0x000053d8                Driver::Csi::ClearFIFO(unsigned char)
 .text._ZN6Driver3Csi14ReflashFIFODmaEh
                0x0000540e       0x2a debug/src/driver/csi.o
                0x0000540e                Driver::Csi::ReflashFIFODma(unsigned char)
 .text._ZN6Driver3Csi20EnableFIFODmaRequestEh
                0x00005438       0x34 debug/src/driver/csi.o
                0x00005438                Driver::Csi::EnableFIFODmaRequest(unsigned char)
 .text._ZN6Driver3Csi5StartEv
                0x0000546c       0x32 debug/src/driver/csi.o
                0x0000546c                Driver::Csi::Start()
 .text._ZN6Driver3Csi4StopEv
                0x0000549e       0x14 debug/src/driver/csi.o
                0x0000549e                Driver::Csi::Stop()
 *fill*         0x000054b2        0x2 
 .text._ZN6Driver3Csi5ResetEv
                0x000054b4       0x60 debug/src/driver/csi.o
                0x000054b4                Driver::Csi::Reset()
 .text._ZN6Driver3Csi20ConfigTransferBufferEhm
                0x00005514        0xe debug/src/driver/csi.o
                0x00005514                Driver::Csi::ConfigTransferBuffer(unsigned char, unsigned long)
 .text._ZN6Driver3Csi17GetTransferBufferEh
                0x00005522        0xe debug/src/driver/csi.o
                0x00005522                Driver::Csi::GetTransferBuffer(unsigned char)
 .text._ZNSt8functionIFvPN6Driver3CsiEEEC2ERKS4_
                0x00005530       0x1e debug/src/driver/csi.o
                0x00005530                std::function<void (Driver::Csi*)>::function(std::function<void (Driver::Csi*)> const&)
                0x00005530                std::function<void (Driver::Csi*)>::function(std::function<void (Driver::Csi*)> const&)
 *fill*         0x0000554e        0x2 
 .text._ZN6Driver3CsiC2ERKNS0_6ConfigE
                0x00005550      0x6d4 debug/src/driver/csi.o
                0x00005550                Driver::Csi::Csi(Driver::Csi::Config const&)
                0x00005550                Driver::Csi::Csi(Driver::Csi::Config const&)
 .text._ZN6Driver3Csi11SetListenerESt8functionIFvPS0_EEh
                0x00005c24       0x70 debug/src/driver/csi.o
                0x00005c24                Driver::Csi::SetListener(std::function<void (Driver::Csi*)>, unsigned char)
 .text._ZNKSt8functionIFvPN6Driver3CsiEEEclES2_
                0x00005c94       0x1a debug/src/driver/csi.o
                0x00005c94                std::function<void (Driver::Csi*)>::operator()(Driver::Csi*) const
 *fill*         0x00005cae        0x2 
 .text.CSI_IRQHandler
                0x00005cb0       0x38 debug/src/driver/csi.o
                0x00005cb0                CSI_IRQHandler
 .text._ZN6Driver9SpiMaster5ResetEv
                0x00005ce8       0x1c debug/src/driver/spi_master.o
                0x00005ce8                Driver::SpiMaster::Reset()
 .text._ZN6Driver9SpiMaster9SetMasterEv
                0x00005d04        0xc debug/src/driver/spi_master.o
                0x00005d04                Driver::SpiMaster::SetMaster()
 .text._ZN6Driver9SpiMaster17SetOnePcsPolarityEhb
                0x00005d10       0x1c debug/src/driver/spi_master.o
                0x00005d10                Driver::SpiMaster::SetOnePcsPolarity(unsigned char, bool)
 .text._ZN6Driver9SpiMaster11SetBaudRateEmb
                0x00005d2c       0xb8 debug/src/driver/spi_master.o
                0x00005d2c                Driver::SpiMaster::SetBaudRate(unsigned long, bool)
 .text._ZN6Driver9SpiMaster17SetFifoWatermarksEhh
                0x00005de4       0x12 debug/src/driver/spi_master.o
                0x00005de4                Driver::SpiMaster::SetFifoWatermarks(unsigned char, unsigned char)
 .text._ZN6Driver9SpiMaster6EnableEb
                0x00005df6       0x1a debug/src/driver/spi_master.o
                0x00005df6                Driver::SpiMaster::Enable(bool)
 .text._ZN6Driver9SpiMaster14SetDelayScalerEmh
                0x00005e10       0x60 debug/src/driver/spi_master.o
                0x00005e10                Driver::SpiMaster::SetDelayScaler(unsigned long, unsigned char)
 .text._ZN6Driver9SpiMaster13SetDelayTimesEmh
                0x00005e70       0xdc debug/src/driver/spi_master.o
                0x00005e70                Driver::SpiMaster::SetDelayTimes(unsigned long, unsigned char)
 .text._ZN6Driver9SpiMasterC2ERKNS0_6ConfigE
                0x00005f4c      0x3d4 debug/src/driver/spi_master.o
                0x00005f4c                Driver::SpiMaster::SpiMaster(Driver::SpiMaster::Config const&)
                0x00005f4c                Driver::SpiMaster::SpiMaster(Driver::SpiMaster::Config const&)
 .text.ADC1_IRQHandler
                0x00006320       0x3c debug/src/driver/adc.o
                0x00006320                ADC1_IRQHandler
 .text.ADC2_IRQHandler
                0x0000635c       0x3c debug/src/driver/adc.o
                0x0000635c                ADC2_IRQHandler
 .text._ZN6Driver8eFlexPWMD2Ev
                0x00006398        0x2 debug/src/driver/eflexpwm.o
                0x00006398                Driver::eFlexPWM::~eFlexPWM()
                0x00006398                Driver::eFlexPWM::~eFlexPWM()
 *fill*         0x0000639a        0x2 
 .text._ZN6Driver8eFlexPWM12SetDutyCycleEt
                0x0000639c      0x214 debug/src/driver/eflexpwm.o
                0x0000639c                Driver::eFlexPWM::SetDutyCycle(unsigned short)
 .text._ZN6Driver8eFlexPWMD0Ev
                0x000065b0        0xc debug/src/driver/eflexpwm.o
                0x000065b0                Driver::eFlexPWM::~eFlexPWM()
 .text._ZN6Driver8eFlexPWM15GetModuleDetailEN6System6Pinout4NameERNS0_9PWMModuleERNS0_9SubModuleERNS0_7ChannelE
                0x000065bc       0x56 debug/src/driver/eflexpwm.o
                0x000065bc                Driver::eFlexPWM::GetModuleDetail(System::Pinout::Name, Driver::eFlexPWM::PWMModule&, Driver::eFlexPWM::SubModule&, Driver::eFlexPWM::Channel&)
 .text._ZN6Driver8eFlexPWM8CheckPinEN6System6Pinout4NameE
                0x00006612       0x14 debug/src/driver/eflexpwm.o
                0x00006612                Driver::eFlexPWM::CheckPin(System::Pinout::Name)
 *fill*         0x00006626        0x2 
 .text._ZN6Driver8eFlexPWM11InitChannelENS0_7ChannelEN6System6Pinout4NameEbtt
                0x00006628      0x288 debug/src/driver/eflexpwm.o
                0x00006628                Driver::eFlexPWM::InitChannel(Driver::eFlexPWM::Channel, System::Pinout::Name, bool, unsigned short, unsigned short)
 .text._ZN6Driver8eFlexPWMC2ERKNS0_6ConfigE
                0x000068b0      0x43c debug/src/driver/eflexpwm.o
                0x000068b0                Driver::eFlexPWM::eFlexPWM(Driver::eFlexPWM::Config const&)
                0x000068b0                Driver::eFlexPWM::eFlexPWM(Driver::eFlexPWM::Config const&)
 .text._ZN6Driver13SoftI2CMaster7GetByteERh
                0x00006cec        0xe debug/src/driver/soft_i2c_master.o
                0x00006cec                Driver::SoftI2CMaster::GetByte(unsigned char&)
 *fill*         0x00006cfa        0x6 
 .text._ZN6Driver13SoftI2CMaster11SendStopCMDEv
                0x00006d00      0x274 debug/src/driver/soft_i2c_master.o
                0x00006d00                Driver::SoftI2CMaster::SendStopCMD()
 *fill*         0x00006f74        0x4 
 .text._ZN6Driver13SoftI2CMaster8SendByteEh
                0x00006f78      0x484 debug/src/driver/soft_i2c_master.o
                0x00006f78                Driver::SoftI2CMaster::SendByte(unsigned char)
 *fill*         0x000073fc        0x4 
 .text._ZN6Driver13SoftI2CMaster7GetByteEPhb
                0x00007400      0x494 debug/src/driver/soft_i2c_master.o
                0x00007400                Driver::SoftI2CMaster::GetByte(unsigned char*, bool)
 .text._ZN6Driver12GetPinConfigEN6System6Pinout4NameE
                0x00007894       0x3a debug/src/driver/soft_i2c_master.o
                0x00007894                Driver::GetPinConfig(System::Pinout::Name)
 *fill*         0x000078ce        0x2 
 .text._ZN6Driver13SoftI2CMasterC2ERKNS_9I2CMaster6ConfigE
                0x000078d0       0x64 debug/src/driver/soft_i2c_master.o
                0x000078d0                Driver::SoftI2CMaster::SoftI2CMaster(Driver::I2CMaster::Config const&)
                0x000078d0                Driver::SoftI2CMaster::SoftI2CMaster(Driver::I2CMaster::Config const&)
 *fill*         0x00007934        0x4 
 .text._ZN6Driver13SoftI2CMaster12SendStartCMDEv
                0x00007938      0x274 debug/src/driver/soft_i2c_master.o
                0x00007938                Driver::SoftI2CMaster::SendStartCMD()
 .text._ZN6Driver13SoftI2CMaster20SendByteWithStartCMDEh
                0x00007bac       0x16 debug/src/driver/soft_i2c_master.o
                0x00007bac                Driver::SoftI2CMaster::SendByteWithStartCMD(unsigned char)
 .text._ZN6Driver13SoftI2CMaster8SendByteEhhh
                0x00007bc2       0x70 debug/src/driver/soft_i2c_master.o
                0x00007bc2                Driver::SoftI2CMaster::SendByte(unsigned char, unsigned char, unsigned char)
 .text._ZN6Driver13SoftI2CMaster8SendByteEhth
                0x00007c32       0x7c debug/src/driver/soft_i2c_master.o
                0x00007c32                Driver::SoftI2CMaster::SendByte(unsigned char, unsigned short, unsigned char)
 .text._ZN6Driver13SoftI2CMaster9SendBytesEhhPKhh
                0x00007cae       0x86 debug/src/driver/soft_i2c_master.o
                0x00007cae                Driver::SoftI2CMaster::SendBytes(unsigned char, unsigned char, unsigned char const*, unsigned char)
 .text._ZN6Driver13SoftI2CMaster9SendBytesEhtPKhh
                0x00007d34       0x90 debug/src/driver/soft_i2c_master.o
                0x00007d34                Driver::SoftI2CMaster::SendBytes(unsigned char, unsigned short, unsigned char const*, unsigned char)
 .text._ZN6Driver13SoftI2CMaster7GetByteEhhRh
                0x00007dc4       0x88 debug/src/driver/soft_i2c_master.o
                0x00007dc4                Driver::SoftI2CMaster::GetByte(unsigned char, unsigned char, unsigned char&)
 .text._ZN6Driver13SoftI2CMaster7GetByteEhtRh
                0x00007e4c       0x94 debug/src/driver/soft_i2c_master.o
                0x00007e4c                Driver::SoftI2CMaster::GetByte(unsigned char, unsigned short, unsigned char&)
 .text._ZN6Driver13SoftI2CMaster8GetBytesEhhPhh
                0x00007ee0       0xa8 debug/src/driver/soft_i2c_master.o
                0x00007ee0                Driver::SoftI2CMaster::GetBytes(unsigned char, unsigned char, unsigned char*, unsigned char)
 .text._ZN6Driver13SoftI2CMaster8GetBytesEhtPhh
                0x00007f88       0xb6 debug/src/driver/soft_i2c_master.o
                0x00007f88                Driver::SoftI2CMaster::GetBytes(unsigned char, unsigned short, unsigned char*, unsigned char)
 *fill*         0x0000803e        0x2 
 .text._ZN6System10InitSystemEv
                0x00008040      0x7c0 debug/src/system/system.o
                0x00008040                System::InitSystem()
 .text.CLOCK_InitExternalClk
                0x00008800       0x58 debug/src/system/clock.o
                0x00008800                CLOCK_InitExternalClk
 .text.CLOCK_SwitchOsc
                0x00008858       0x1c debug/src/system/clock.o
                0x00008858                CLOCK_SwitchOsc
 .text.CLOCK_InitRcOsc24M
                0x00008874       0x14 debug/src/system/clock.o
                0x00008874                CLOCK_InitRcOsc24M
 .text.CLOCK_InitArmPll
                0x00008888       0x48 debug/src/system/clock.o
                0x00008888                CLOCK_InitArmPll
 .text.CLOCK_InitSysPll
                0x000088d0       0x48 debug/src/system/clock.o
                0x000088d0                CLOCK_InitSysPll
 .text.CLOCK_InitUsb1Pll
                0x00008918       0x48 debug/src/system/clock.o
                0x00008918                CLOCK_InitUsb1Pll
 .text.CLOCK_DeinitUsb2Pll
                0x00008960        0xc debug/src/system/clock.o
                0x00008960                CLOCK_DeinitUsb2Pll
 .text.CLOCK_DeinitAudioPll
                0x0000896c       0x10 debug/src/system/clock.o
                0x0000896c                CLOCK_DeinitAudioPll
 .text.CLOCK_DeinitVideoPll
                0x0000897c       0x10 debug/src/system/clock.o
                0x0000897c                CLOCK_DeinitVideoPll
 .text.CLOCK_InitEnetPll
                0x0000898c       0x68 debug/src/system/clock.o
                0x0000898c                CLOCK_InitEnetPll
 .text.CLOCK_GetPllFreq
                0x000089f4      0x1f0 debug/src/system/clock.o
                0x000089f4                CLOCK_GetPllFreq
 .text.CLOCK_InitSysPfd
                0x00008be4       0x34 debug/src/system/clock.o
                0x00008be4                CLOCK_InitSysPfd
 .text.CLOCK_InitUsb1Pfd
                0x00008c18       0x34 debug/src/system/clock.o
                0x00008c18                CLOCK_InitUsb1Pfd
 .text.CLOCK_GetSysPfdFreq
                0x00008c4c       0x68 debug/src/system/clock.o
                0x00008c4c                CLOCK_GetSysPfdFreq
 .text._ZN6SystemL22CLOCK_GetPeriphClkFreqEv
                0x00008cb4       0xbc debug/src/system/clock.o
 .text.CLOCK_GetUsb1PfdFreq
                0x00008d70       0x68 debug/src/system/clock.o
                0x00008d70                CLOCK_GetUsb1PfdFreq
 .text.CLOCK_GetFreq
                0x00008dd8      0x15c debug/src/system/clock.o
                0x00008dd8                CLOCK_GetFreq
 .text._ZN6System11TempMonitor4InitEv
                0x00008f34       0x2c debug/src/system/temp_monitor.o
                0x00008f34                System::TempMonitor::Init()
 .text._ZN6System11TempMonitor14GetTemperatureEv
                0x00008f60       0x68 debug/src/system/temp_monitor.o
                0x00008f60                System::TempMonitor::GetTemperature()
 .text._ZN6System7Systick4InitEv
                0x00008fc8       0x2c debug/src/system/systick.o
                0x00008fc8                System::Systick::Init()
 .text.SysTick_Handler
                0x00008ff4       0x10 debug/src/system/systick.o
                0x00008ff4                SysTick_Handler
 .text._ZN6System6Pinout20GeteFlexPWMPinConfigERNS0_6ConfigERhS3_S3_
                0x00009004       0x7c debug/src/system/pinout/MIMXRT1052.o
                0x00009004                System::Pinout::GeteFlexPWMPinConfig(System::Pinout::Config&, unsigned char&, unsigned char&, unsigned char&)
 .text._ZN6System6Pinout18GetI2CSclPinConfigERNS0_6ConfigERh
                0x00009080       0x88 debug/src/system/pinout/MIMXRT1052.o
                0x00009080                System::Pinout::GetI2CSclPinConfig(System::Pinout::Config&, unsigned char&)
 .text._ZN6System6Pinout18GetI2CSdaPinConfigERNS0_6ConfigERh
                0x00009108       0x88 debug/src/system/pinout/MIMXRT1052.o
                0x00009108                System::Pinout::GetI2CSdaPinConfig(System::Pinout::Config&, unsigned char&)
 .text._ZN6System6Pinout18GetSpiSckPinConfigERNS0_6ConfigERh
                0x00009190       0xd8 debug/src/system/pinout/MIMXRT1052.o
                0x00009190                System::Pinout::GetSpiSckPinConfig(System::Pinout::Config&, unsigned char&)
 .text._ZN6System6Pinout18GetSpiSdoPinConfigERNS0_6ConfigERh
                0x00009268       0xd8 debug/src/system/pinout/MIMXRT1052.o
                0x00009268                System::Pinout::GetSpiSdoPinConfig(System::Pinout::Config&, unsigned char&)
 .text._ZN6System6Pinout18GetSpiSdiPinConfigERNS0_6ConfigERh
                0x00009340       0xdc debug/src/system/pinout/MIMXRT1052.o
                0x00009340                System::Pinout::GetSpiSdiPinConfig(System::Pinout::Config&, unsigned char&)
 .text._ZN6System6Pinout18GetSpiPCSPinConfigERNS0_6ConfigERhS3_
                0x0000941c      0x1d4 debug/src/system/pinout/MIMXRT1052.o
                0x0000941c                System::Pinout::GetSpiPCSPinConfig(System::Pinout::Config&, unsigned char&, unsigned char&)
 .text._ZN6System6Pinout20GetCSIData0PinConfigERNS0_6ConfigERh
                0x000095f0       0x3c debug/src/system/pinout/MIMXRT1052.o
                0x000095f0                System::Pinout::GetCSIData0PinConfig(System::Pinout::Config&, unsigned char&)
 .text._ZN6System6Pinout20GetCSIData1PinConfigERNS0_6ConfigERh
                0x0000962c       0x3c debug/src/system/pinout/MIMXRT1052.o
                0x0000962c                System::Pinout::GetCSIData1PinConfig(System::Pinout::Config&, unsigned char&)
 .text._ZN6System6Pinout20GetCSIData2PinConfigERNS0_6ConfigERh
                0x00009668       0x5c debug/src/system/pinout/MIMXRT1052.o
                0x00009668                System::Pinout::GetCSIData2PinConfig(System::Pinout::Config&, unsigned char&)
 .text._ZN6System6Pinout20GetCSIData3PinConfigERNS0_6ConfigERh
                0x000096c4       0x5c debug/src/system/pinout/MIMXRT1052.o
                0x000096c4                System::Pinout::GetCSIData3PinConfig(System::Pinout::Config&, unsigned char&)
 .text._ZN6System6Pinout20GetCSIData4PinConfigERNS0_6ConfigERh
                0x00009720       0x5c debug/src/system/pinout/MIMXRT1052.o
                0x00009720                System::Pinout::GetCSIData4PinConfig(System::Pinout::Config&, unsigned char&)
 .text._ZN6System6Pinout20GetCSIData5PinConfigERNS0_6ConfigERh
                0x0000977c       0x5c debug/src/system/pinout/MIMXRT1052.o
                0x0000977c                System::Pinout::GetCSIData5PinConfig(System::Pinout::Config&, unsigned char&)
 .text._ZN6System6Pinout20GetCSIData6PinConfigERNS0_6ConfigERh
                0x000097d8       0x5c debug/src/system/pinout/MIMXRT1052.o
                0x000097d8                System::Pinout::GetCSIData6PinConfig(System::Pinout::Config&, unsigned char&)
 .text._ZN6System6Pinout20GetCSIData7PinConfigERNS0_6ConfigERh
                0x00009834       0x5c debug/src/system/pinout/MIMXRT1052.o
                0x00009834                System::Pinout::GetCSIData7PinConfig(System::Pinout::Config&, unsigned char&)
 .text._ZN6System6Pinout20GetCSIData8PinConfigERNS0_6ConfigERh
                0x00009890       0x5c debug/src/system/pinout/MIMXRT1052.o
                0x00009890                System::Pinout::GetCSIData8PinConfig(System::Pinout::Config&, unsigned char&)
 .text._ZN6System6Pinout20GetCSIData9PinConfigERNS0_6ConfigERh
                0x000098ec       0x5c debug/src/system/pinout/MIMXRT1052.o
                0x000098ec                System::Pinout::GetCSIData9PinConfig(System::Pinout::Config&, unsigned char&)
 .text._ZN6System6Pinout21GetCSIData10PinConfigERNS0_6ConfigERh
                0x00009948       0x3c debug/src/system/pinout/MIMXRT1052.o
                0x00009948                System::Pinout::GetCSIData10PinConfig(System::Pinout::Config&, unsigned char&)
 .text._ZN6System6Pinout21GetCSIData11PinConfigERNS0_6ConfigERh
                0x00009984       0x3c debug/src/system/pinout/MIMXRT1052.o
                0x00009984                System::Pinout::GetCSIData11PinConfig(System::Pinout::Config&, unsigned char&)
 .text._ZN6System6Pinout21GetCSIData12PinConfigERNS0_6ConfigERh
                0x000099c0       0x3c debug/src/system/pinout/MIMXRT1052.o
                0x000099c0                System::Pinout::GetCSIData12PinConfig(System::Pinout::Config&, unsigned char&)
 .text._ZN6System6Pinout21GetCSIData13PinConfigERNS0_6ConfigERh
                0x000099fc       0x3c debug/src/system/pinout/MIMXRT1052.o
                0x000099fc                System::Pinout::GetCSIData13PinConfig(System::Pinout::Config&, unsigned char&)
 .text._ZN6System6Pinout21GetCSIData14PinConfigERNS0_6ConfigERh
                0x00009a38       0x3c debug/src/system/pinout/MIMXRT1052.o
                0x00009a38                System::Pinout::GetCSIData14PinConfig(System::Pinout::Config&, unsigned char&)
 .text._ZN6System6Pinout21GetCSIData15PinConfigERNS0_6ConfigERh
                0x00009a74       0x3c debug/src/system/pinout/MIMXRT1052.o
                0x00009a74                System::Pinout::GetCSIData15PinConfig(System::Pinout::Config&, unsigned char&)
 .text._ZN6System6Pinout21GetCSIData16PinConfigERNS0_6ConfigERh
                0x00009ab0       0x3c debug/src/system/pinout/MIMXRT1052.o
                0x00009ab0                System::Pinout::GetCSIData16PinConfig(System::Pinout::Config&, unsigned char&)
 .text._ZN6System6Pinout21GetCSIData17PinConfigERNS0_6ConfigERh
                0x00009aec       0x3c debug/src/system/pinout/MIMXRT1052.o
                0x00009aec                System::Pinout::GetCSIData17PinConfig(System::Pinout::Config&, unsigned char&)
 .text._ZN6System6Pinout21GetCSIData18PinConfigERNS0_6ConfigERh
                0x00009b28       0x3c debug/src/system/pinout/MIMXRT1052.o
                0x00009b28                System::Pinout::GetCSIData18PinConfig(System::Pinout::Config&, unsigned char&)
 .text._ZN6System6Pinout21GetCSIData19PinConfigERNS0_6ConfigERh
                0x00009b64       0x3c debug/src/system/pinout/MIMXRT1052.o
                0x00009b64                System::Pinout::GetCSIData19PinConfig(System::Pinout::Config&, unsigned char&)
 .text._ZN6System6Pinout21GetCSIData20PinConfigERNS0_6ConfigERh
                0x00009ba0       0x3c debug/src/system/pinout/MIMXRT1052.o
                0x00009ba0                System::Pinout::GetCSIData20PinConfig(System::Pinout::Config&, unsigned char&)
 .text._ZN6System6Pinout21GetCSIData21PinConfigERNS0_6ConfigERh
                0x00009bdc       0x3c debug/src/system/pinout/MIMXRT1052.o
                0x00009bdc                System::Pinout::GetCSIData21PinConfig(System::Pinout::Config&, unsigned char&)
 .text._ZN6System6Pinout21GetCSIData22PinConfigERNS0_6ConfigERh
                0x00009c18       0x3c debug/src/system/pinout/MIMXRT1052.o
                0x00009c18                System::Pinout::GetCSIData22PinConfig(System::Pinout::Config&, unsigned char&)
 .text._ZN6System6Pinout21GetCSIData23PinConfigERNS0_6ConfigERh
                0x00009c54       0x3c debug/src/system/pinout/MIMXRT1052.o
                0x00009c54                System::Pinout::GetCSIData23PinConfig(System::Pinout::Config&, unsigned char&)
 .text._ZN6System6Pinout20GetCSIFieldPinConfigERNS0_6ConfigERh
                0x00009c90       0x3c debug/src/system/pinout/MIMXRT1052.o
                0x00009c90                System::Pinout::GetCSIFieldPinConfig(System::Pinout::Config&, unsigned char&)
 .text._ZN6System6Pinout20GetCSIHsyncPinConfigERNS0_6ConfigERh
                0x00009ccc       0x70 debug/src/system/pinout/MIMXRT1052.o
                0x00009ccc                System::Pinout::GetCSIHsyncPinConfig(System::Pinout::Config&, unsigned char&)
 .text._ZN6System6Pinout19GetCSIMclkPinConfigERNS0_6ConfigERh
                0x00009d3c       0x4c debug/src/system/pinout/MIMXRT1052.o
                0x00009d3c                System::Pinout::GetCSIMclkPinConfig(System::Pinout::Config&, unsigned char&)
 .text._ZN6System6Pinout19GetCSIPclkPinConfigERNS0_6ConfigERh
                0x00009d88       0x60 debug/src/system/pinout/MIMXRT1052.o
                0x00009d88                System::Pinout::GetCSIPclkPinConfig(System::Pinout::Config&, unsigned char&)
 .text._ZN6System6Pinout20GetCSIVsyncPinConfigERNS0_6ConfigERh
                0x00009de8       0x70 debug/src/system/pinout/MIMXRT1052.o
                0x00009de8                System::Pinout::GetCSIVsyncPinConfig(System::Pinout::Config&, unsigned char&)
 .text._ZN6System6Pinout7InitPinERNS0_6ConfigE
                0x00009e58       0xb0 debug/src/system/pinout/MIMXRT1052.o
                0x00009e58                System::Pinout::InitPin(System::Pinout::Config&)
 .text._ZN6System6Pinout9DeinitPinENS0_4NameE
                0x00009f08       0x24 debug/src/system/pinout/MIMXRT1052.o
                0x00009f08                System::Pinout::DeinitPin(System::Pinout::Name)
 .text._ZN12DeviceDriver3Led13GetGPIOConfigERKNS0_6ConfigE
                0x00009f2c       0xac debug/src/device_driver/led.o
                0x00009f2c                DeviceDriver::Led::GetGPIOConfig(DeviceDriver::Led::Config const&)
 .text._ZN12DeviceDriver3LedC2ENS0_6ConfigE
                0x00009fd8       0x30 debug/src/device_driver/led.o
                0x00009fd8                DeviceDriver::Led::Led(DeviceDriver::Led::Config)
                0x00009fd8                DeviceDriver::Led::Led(DeviceDriver::Led::Config)
 .text._ZN12DeviceDriver5ServoC2ERKNS0_6ConfigE
                0x0000a008      0x13c debug/src/device_driver/servo.o
                0x0000a008                DeviceDriver::Servo::Servo(DeviceDriver::Servo::Config const&)
                0x0000a008                DeviceDriver::Servo::Servo(DeviceDriver::Servo::Config const&)
 .text._ZN12DeviceDriver14AlternateMotor8SetSpeedEl
                0x0000a144       0x44 debug/src/device_driver/alternate_motor.o
                0x0000a144                DeviceDriver::AlternateMotor::SetSpeed(long)
 .text._ZN12DeviceDriver14AlternateMotor12SetDirectionEb
                0x0000a188       0x22 debug/src/device_driver/alternate_motor.o
                0x0000a188                DeviceDriver::AlternateMotor::SetDirection(bool)
 .text._ZN12DeviceDriver14AlternateMotor15ToggleDirectionEv
                0x0000a1aa       0x1a debug/src/device_driver/alternate_motor.o
                0x0000a1aa                DeviceDriver::AlternateMotor::ToggleDirection()
 .text._ZN12DeviceDriver14AlternateMotorD2Ev
                0x0000a1c4        0x2 debug/src/device_driver/alternate_motor.o
                0x0000a1c4                DeviceDriver::AlternateMotor::~AlternateMotor()
                0x0000a1c4                DeviceDriver::AlternateMotor::~AlternateMotor()
 .text._ZN12DeviceDriver14AlternateMotorD0Ev
                0x0000a1c6        0xc debug/src/device_driver/alternate_motor.o
                0x0000a1c6                DeviceDriver::AlternateMotor::~AlternateMotor()
 *fill*         0x0000a1d2        0x2 
 .text._ZN12DeviceDriver14AlternateMotorC2ERKNS_5Motor6ConfigE
                0x0000a1d4      0x10c debug/src/device_driver/alternate_motor.o
                0x0000a1d4                DeviceDriver::AlternateMotor::AlternateMotor(DeviceDriver::Motor::Config const&)
                0x0000a1d4                DeviceDriver::AlternateMotor::AlternateMotor(DeviceDriver::Motor::Config const&)
 .text._ZNSt8functionIFvPN6Driver3CsiEEEC2IZN12DeviceDriver7MT9V034C4ERKNS7_6ConfigEEUlS2_E_vvEET_
                0x0000a2e0       0x14 debug/src/device_driver/MT9V034.o
 .text._ZNSt14_Function_base13_Base_managerIZN12DeviceDriver7MT9V034C4ERKNS2_6ConfigEEUlPN6Driver3CsiEE_E10_M_managerERSt9_Any_dataRKSB_St18_Manager_operation
                0x0000a2f4       0x1a debug/src/device_driver/MT9V034.o
 .text._ZNSt17_Function_handlerIFvPN6Driver3CsiEEZN12DeviceDriver7MT9V034C4ERKNS5_6ConfigEEUlS2_E_E9_M_invokeERKSt9_Any_dataOS2_
                0x0000a30e       0x60 debug/src/device_driver/MT9V034.o
 *fill*         0x0000a36e        0x2 
 .text._ZN12DeviceDriver7MT9V03412GetI2CConfigEN6System6Pinout4NameES3_
                0x0000a370       0x3c debug/src/device_driver/MT9V034.o
                0x0000a370                DeviceDriver::MT9V034::GetI2CConfig(System::Pinout::Name, System::Pinout::Name)
 .text._ZN12DeviceDriver7MT9V03412GetCsiConfigERKNS0_6ConfigE
                0x0000a3ac      0x154 debug/src/device_driver/MT9V034.o
                0x0000a3ac                DeviceDriver::MT9V034::GetCsiConfig(DeviceDriver::MT9V034::Config const&)
 .text._ZN12DeviceDriver7MT9V0346RegGetEh
                0x0000a500       0x64 debug/src/device_driver/MT9V034.o
                0x0000a500                DeviceDriver::MT9V034::RegGet(unsigned char)
 .text._ZN12DeviceDriver7MT9V0346RegSetEhtb
                0x0000a564       0x6c debug/src/device_driver/MT9V034.o
                0x0000a564                DeviceDriver::MT9V034::RegSet(unsigned char, unsigned short, bool)
 .text._ZN12DeviceDriver7MT9V034C2ERKNS0_6ConfigE
                0x0000a5d0      0xbec debug/src/device_driver/MT9V034.o
                0x0000a5d0                DeviceDriver::MT9V034::MT9V034(DeviceDriver::MT9V034::Config const&)
                0x0000a5d0                DeviceDriver::MT9V034::MT9V034(DeviceDriver::MT9V034::Config const&)
 .text._ZN12DeviceDriver7MT9V0345StartEv
                0x0000b1bc        0xe debug/src/device_driver/MT9V034.o
                0x0000b1bc                DeviceDriver::MT9V034::Start()
 .text._ZN12DeviceDriver7St7735r11GetLcdWidthEv
                0x0000b1ca        0xe debug/src/device_driver/st7735r.o
                0x0000b1ca                DeviceDriver::St7735r::GetLcdWidth()
 .text._ZN12DeviceDriver7St7735r12GetLcdHeightEv
                0x0000b1d8        0xe debug/src/device_driver/st7735r.o
                0x0000b1d8                DeviceDriver::St7735r::GetLcdHeight()
 .text._ZN12DeviceDriver7St7735r9SetRegionERKNS_3Lcd4RectE
                0x0000b1e6       0x12 debug/src/device_driver/st7735r.o
                0x0000b1e6                DeviceDriver::St7735r::SetRegion(DeviceDriver::Lcd::Rect const&)
 .text._ZN12DeviceDriver7St7735r9GetRegionEv
                0x0000b1f8       0x14 debug/src/device_driver/st7735r.o
                0x0000b1f8                DeviceDriver::St7735r::GetRegion()
 .text._ZN12DeviceDriver7St7735r11ClearRegionEv
                0x0000b20c       0x30 debug/src/device_driver/st7735r.o
                0x0000b20c                DeviceDriver::St7735r::ClearRegion()
 .text._ZN12DeviceDriver7St7735r5ClearEv
                0x0000b23c       0x16 debug/src/device_driver/st7735r.o
                0x0000b23c                DeviceDriver::St7735r::Clear()
 .text._ZN12DeviceDriver7St7735r5ClearEm
                0x0000b252       0x18 debug/src/device_driver/st7735r.o
                0x0000b252                DeviceDriver::St7735r::Clear(unsigned long)
 *fill*         0x0000b26a        0x2 
 .text._ZN12DeviceDriver7St7735rD2Ev
                0x0000b26c       0x28 debug/src/device_driver/st7735r.o
                0x0000b26c                DeviceDriver::St7735r::~St7735r()
                0x0000b26c                DeviceDriver::St7735r::~St7735r()
 .text._ZN12DeviceDriver7St7735rD0Ev
                0x0000b294       0x2c debug/src/device_driver/st7735r.o
                0x0000b294                DeviceDriver::St7735r::~St7735r()
 .text._ZN12DeviceDriver7St7735r12GetSpiConfigEN6System6Pinout4NameES3_S3_
                0x0000b2c0       0x9c debug/src/device_driver/st7735r.o
                0x0000b2c0                DeviceDriver::St7735r::GetSpiConfig(System::Pinout::Name, System::Pinout::Name, System::Pinout::Name)
 .text._ZN12DeviceDriver7St7735r13GetGPIOConfigEN6System6Pinout4NameE
                0x0000b35c       0x3a debug/src/device_driver/st7735r.o
                0x0000b35c                DeviceDriver::St7735r::GetGPIOConfig(System::Pinout::Name)
 .text._ZN12DeviceDriver7St7735r10InitMadctlERKNS0_6ConfigE
                0x0000b396       0xf8 debug/src/device_driver/st7735r.o
                0x0000b396                DeviceDriver::St7735r::InitMadctl(DeviceDriver::St7735r::Config const&)
 *fill*         0x0000b48e        0x2 
 .text._ZN12DeviceDriver7St7735r10InitFrmctrERKNS0_6ConfigE
                0x0000b490      0x23c debug/src/device_driver/st7735r.o
                0x0000b490                DeviceDriver::St7735r::InitFrmctr(DeviceDriver::St7735r::Config const&)
 .text._ZN12DeviceDriver7St7735r9InitPwctrEv
                0x0000b6cc      0x60a debug/src/device_driver/st7735r.o
                0x0000b6cc                DeviceDriver::St7735r::InitPwctr()
 .text._ZN12DeviceDriver7St7735r9InitGammaEv
                0x0000bcd6      0xd96 debug/src/device_driver/st7735r.o
                0x0000bcd6                DeviceDriver::St7735r::InitGamma()
 .text._ZN12DeviceDriver7St7735r13SetActiveRectEv
                0x0000ca6c      0x43a debug/src/device_driver/st7735r.o
                0x0000ca6c                DeviceDriver::St7735r::SetActiveRect()
 *fill*         0x0000cea6        0x2 
 .text._ZN12DeviceDriver7St7735rC2ERKNS0_6ConfigE
                0x0000cea8      0x674 debug/src/device_driver/st7735r.o
                0x0000cea8                DeviceDriver::St7735r::St7735r(DeviceDriver::St7735r::Config const&)
                0x0000cea8                DeviceDriver::St7735r::St7735r(DeviceDriver::St7735r::Config const&)
 .text._ZN12DeviceDriver7St7735r9FillColorEm
                0x0000d51c      0x1c6 debug/src/device_driver/st7735r.o
                0x0000d51c                DeviceDriver::St7735r::FillColor(unsigned long)
 .text._ZN12DeviceDriver7St7735r9FillColorERKNS_3Lcd4RectEm
                0x0000d6e2      0x1d2 debug/src/device_driver/st7735r.o
                0x0000d6e2                DeviceDriver::St7735r::FillColor(DeviceDriver::Lcd::Rect const&, unsigned long)
 .text._ZN12DeviceDriver7St7735r18FillGrayscalePixelEPKhm
                0x0000d8b4      0x202 debug/src/device_driver/st7735r.o
                0x0000d8b4                DeviceDriver::St7735r::FillGrayscalePixel(unsigned char const*, unsigned long)
 .text._ZN12DeviceDriver7St7735r14FillColorPixelEPKtm
                0x0000dab6      0x1e8 debug/src/device_driver/st7735r.o
                0x0000dab6                DeviceDriver::St7735r::FillColorPixel(unsigned short const*, unsigned long)
 *fill*         0x0000dc9e        0x2 
 .text._ZN12DeviceDriver7St7735r14FillColorPixelEPKmm
                0x0000dca0      0x214 debug/src/device_driver/st7735r.o
                0x0000dca0                DeviceDriver::St7735r::FillColorPixel(unsigned long const*, unsigned long)
 .text._ZN12DeviceDriver7St7735r8FillBitsEmmPKhm
                0x0000deb4      0x338 debug/src/device_driver/st7735r.o
                0x0000deb4                DeviceDriver::St7735r::FillBits(unsigned long, unsigned long, unsigned char const*, unsigned long)
 .text._ZdlPv   0x0000e1ec        0x4 c:/program files (x86)/gnu tools arm embedded/9 2019-q4-major/bin/../lib/gcc/arm-none-eabi/9.2.1/../../../../arm-none-eabi/lib/thumb/v7e-m+dp/hard\libstdc++_nano.a(del_op.o)
                0x0000e1ec                operator delete(void*)
 .text._Znwj    0x0000e1f0       0x22 c:/program files (x86)/gnu tools arm embedded/9 2019-q4-major/bin/../lib/gcc/arm-none-eabi/9.2.1/../../../../arm-none-eabi/lib/thumb/v7e-m+dp/hard\libstdc++_nano.a(new_op.o)
                0x0000e1f0                operator new(unsigned int)
 .text.unlikely._ZSt17__throw_bad_allocv
                0x0000e212        0x6 c:/program files (x86)/gnu tools arm embedded/9 2019-q4-major/bin/../lib/gcc/arm-none-eabi/9.2.1/../../../../arm-none-eabi/lib/thumb/v7e-m+dp/hard\libstdc++_nano.a(functexcept.o)
                0x0000e212                std::__throw_bad_alloc()
 .text.unlikely._ZSt20__throw_length_errorPKc
                0x0000e218        0x6 c:/program files (x86)/gnu tools arm embedded/9 2019-q4-major/bin/../lib/gcc/arm-none-eabi/9.2.1/../../../../arm-none-eabi/lib/thumb/v7e-m+dp/hard\libstdc++_nano.a(functexcept.o)
                0x0000e218                std::__throw_length_error(char const*)
 .text.unlikely._ZSt25__throw_bad_function_callv
                0x0000e21e        0x6 c:/program files (x86)/gnu tools arm embedded/9 2019-q4-major/bin/../lib/gcc/arm-none-eabi/9.2.1/../../../../arm-none-eabi/lib/thumb/v7e-m+dp/hard\libstdc++_nano.a(functional.o)
                0x0000e21e                std::__throw_bad_function_call()
 .text._ZSt15get_new_handlerv
                0x0000e224       0x10 c:/program files (x86)/gnu tools arm embedded/9 2019-q4-major/bin/../lib/gcc/arm-none-eabi/9.2.1/../../../../arm-none-eabi/lib/thumb/v7e-m+dp/hard\libstdc++_nano.a(new_handler.o)
                0x0000e224                std::get_new_handler()
 .text.abort    0x0000e234        0xe c:/program files (x86)/gnu tools arm embedded/9 2019-q4-major/bin/../lib/gcc/arm-none-eabi/9.2.1/../../../../arm-none-eabi/lib/thumb/v7e-m+dp/hard\libg_nano.a(lib_a-abort.o)
                0x0000e234                abort
 *fill*         0x0000e242        0x2 
 .text.__errno  0x0000e244        0xc c:/program files (x86)/gnu tools arm embedded/9 2019-q4-major/bin/../lib/gcc/arm-none-eabi/9.2.1/../../../../arm-none-eabi/lib/thumb/v7e-m+dp/hard\libg_nano.a(lib_a-errno.o)
                0x0000e244                __errno
 .text.exit     0x0000e250       0x28 c:/program files (x86)/gnu tools arm embedded/9 2019-q4-major/bin/../lib/gcc/arm-none-eabi/9.2.1/../../../../arm-none-eabi/lib/thumb/v7e-m+dp/hard\libg_nano.a(lib_a-exit.o)
                0x0000e250                exit
 .text.__libc_init_array
                0x0000e278       0x48 c:/program files (x86)/gnu tools arm embedded/9 2019-q4-major/bin/../lib/gcc/arm-none-eabi/9.2.1/../../../../arm-none-eabi/lib/thumb/v7e-m+dp/hard\libg_nano.a(lib_a-init.o)
                0x0000e278                __libc_init_array
 .text.malloc   0x0000e2c0       0x10 c:/program files (x86)/gnu tools arm embedded/9 2019-q4-major/bin/../lib/gcc/arm-none-eabi/9.2.1/../../../../arm-none-eabi/lib/thumb/v7e-m+dp/hard\libg_nano.a(lib_a-malloc.o)
                0x0000e2c0                malloc
 .text.free     0x0000e2d0       0x10 c:/program files (x86)/gnu tools arm embedded/9 2019-q4-major/bin/../lib/gcc/arm-none-eabi/9.2.1/../../../../arm-none-eabi/lib/thumb/v7e-m+dp/hard\libg_nano.a(lib_a-malloc.o)
                0x0000e2d0                free
 .text.memcpy   0x0000e2e0       0x1c c:/program files (x86)/gnu tools arm embedded/9 2019-q4-major/bin/../lib/gcc/arm-none-eabi/9.2.1/../../../../arm-none-eabi/lib/thumb/v7e-m+dp/hard\libg_nano.a(lib_a-memcpy-stub.o)
                0x0000e2e0                memcpy
 .text.memmove  0x0000e2fc       0x34 c:/program files (x86)/gnu tools arm embedded/9 2019-q4-major/bin/../lib/gcc/arm-none-eabi/9.2.1/../../../../arm-none-eabi/lib/thumb/v7e-m+dp/hard\libg_nano.a(lib_a-memmove.o)
                0x0000e2fc                memmove
 .text.memset   0x0000e330       0x10 c:/program files (x86)/gnu tools arm embedded/9 2019-q4-major/bin/../lib/gcc/arm-none-eabi/9.2.1/../../../../arm-none-eabi/lib/thumb/v7e-m+dp/hard\libg_nano.a(lib_a-memset.o)
                0x0000e330                memset
 .text._free_r  0x0000e340       0xa0 c:/program files (x86)/gnu tools arm embedded/9 2019-q4-major/bin/../lib/gcc/arm-none-eabi/9.2.1/../../../../arm-none-eabi/lib/thumb/v7e-m+dp/hard\libg_nano.a(lib_a-nano-freer.o)
                0x0000e340                _free_r
 .text._malloc_r
                0x0000e3e0       0xb4 c:/program files (x86)/gnu tools arm embedded/9 2019-q4-major/bin/../lib/gcc/arm-none-eabi/9.2.1/../../../../arm-none-eabi/lib/thumb/v7e-m+dp/hard\libg_nano.a(lib_a-nano-mallocr.o)
                0x0000e3e0                _malloc_r
 .text.__cvt    0x0000e494       0xa4 c:/program files (x86)/gnu tools arm embedded/9 2019-q4-major/bin/../lib/gcc/arm-none-eabi/9.2.1/../../../../arm-none-eabi/lib/thumb/v7e-m+dp/hard\libg_nano.a(lib_a-nano-vfprintf_float.o)
                0x0000e494                __cvt
 .text.__exponent
                0x0000e538       0x7c c:/program files (x86)/gnu tools arm embedded/9 2019-q4-major/bin/../lib/gcc/arm-none-eabi/9.2.1/../../../../arm-none-eabi/lib/thumb/v7e-m+dp/hard\libg_nano.a(lib_a-nano-vfprintf_float.o)
                0x0000e538                __exponent
 *fill*         0x0000e5b4        0x4 
 .text._printf_float
                0x0000e5b8      0x43c c:/program files (x86)/gnu tools arm embedded/9 2019-q4-major/bin/../lib/gcc/arm-none-eabi/9.2.1/../../../../arm-none-eabi/lib/thumb/v7e-m+dp/hard\libg_nano.a(lib_a-nano-vfprintf_float.o)
                0x0000e5b8                _printf_float
 .text._printf_common
                0x0000e9f4       0xda c:/program files (x86)/gnu tools arm embedded/9 2019-q4-major/bin/../lib/gcc/arm-none-eabi/9.2.1/../../../../arm-none-eabi/lib/thumb/v7e-m+dp/hard\libg_nano.a(lib_a-nano-vfprintf_i.o)
                0x0000e9f4                _printf_common
 *fill*         0x0000eace        0x2 
 .text._printf_i
                0x0000ead0      0x24c c:/program files (x86)/gnu tools arm embedded/9 2019-q4-major/bin/../lib/gcc/arm-none-eabi/9.2.1/../../../../arm-none-eabi/lib/thumb/v7e-m+dp/hard\libg_nano.a(lib_a-nano-vfprintf_i.o)
                0x0000ead0                _printf_i
 .text.printf   0x0000ed1c       0x30 c:/program files (x86)/gnu tools arm embedded/9 2019-q4-major/bin/../lib/gcc/arm-none-eabi/9.2.1/../../../../arm-none-eabi/lib/thumb/v7e-m+dp/hard\libg_nano.a(lib_a-printf.o)
                0x0000ed1c                iprintf
                0x0000ed1c                printf
 .text.putchar  0x0000ed4c       0x2c c:/program files (x86)/gnu tools arm embedded/9 2019-q4-major/bin/../lib/gcc/arm-none-eabi/9.2.1/../../../../arm-none-eabi/lib/thumb/v7e-m+dp/hard\libg_nano.a(lib_a-putchar.o)
                0x0000ed4c                putchar
 .text._puts_r  0x0000ed78       0xdc c:/program files (x86)/gnu tools arm embedded/9 2019-q4-major/bin/../lib/gcc/arm-none-eabi/9.2.1/../../../../arm-none-eabi/lib/thumb/v7e-m+dp/hard\libg_nano.a(lib_a-puts.o)
                0x0000ed78                _puts_r
 .text.puts     0x0000ee54       0x10 c:/program files (x86)/gnu tools arm embedded/9 2019-q4-major/bin/../lib/gcc/arm-none-eabi/9.2.1/../../../../arm-none-eabi/lib/thumb/v7e-m+dp/hard\libg_nano.a(lib_a-puts.o)
                0x0000ee54                puts
 .text._sbrk_r  0x0000ee64       0x20 c:/program files (x86)/gnu tools arm embedded/9 2019-q4-major/bin/../lib/gcc/arm-none-eabi/9.2.1/../../../../arm-none-eabi/lib/thumb/v7e-m+dp/hard\libg_nano.a(lib_a-sbrkr.o)
                0x0000ee64                _sbrk_r
 .text._raise_r
                0x0000ee84       0x50 c:/program files (x86)/gnu tools arm embedded/9 2019-q4-major/bin/../lib/gcc/arm-none-eabi/9.2.1/../../../../arm-none-eabi/lib/thumb/v7e-m+dp/hard\libg_nano.a(lib_a-signal.o)
                0x0000ee84                _raise_r
 .text.raise    0x0000eed4       0x10 c:/program files (x86)/gnu tools arm embedded/9 2019-q4-major/bin/../lib/gcc/arm-none-eabi/9.2.1/../../../../arm-none-eabi/lib/thumb/v7e-m+dp/hard\libg_nano.a(lib_a-signal.o)
                0x0000eed4                raise
 .text._kill_r  0x0000eee4       0x24 c:/program files (x86)/gnu tools arm embedded/9 2019-q4-major/bin/../lib/gcc/arm-none-eabi/9.2.1/../../../../arm-none-eabi/lib/thumb/v7e-m+dp/hard\libg_nano.a(lib_a-signalr.o)
                0x0000eee4                _kill_r
 .text._getpid_r
                0x0000ef08        0x4 c:/program files (x86)/gnu tools arm embedded/9 2019-q4-major/bin/../lib/gcc/arm-none-eabi/9.2.1/../../../../arm-none-eabi/lib/thumb/v7e-m+dp/hard\libg_nano.a(lib_a-signalr.o)
                0x0000ef08                _getpid_r
 .text.sprintf  0x0000ef0c       0x40 c:/program files (x86)/gnu tools arm embedded/9 2019-q4-major/bin/../lib/gcc/arm-none-eabi/9.2.1/../../../../arm-none-eabi/lib/thumb/v7e-m+dp/hard\libg_nano.a(lib_a-sprintf.o)
                0x0000ef0c                siprintf
                0x0000ef0c                sprintf
 .text.__swbuf_r
                0x0000ef4c       0xa4 c:/program files (x86)/gnu tools arm embedded/9 2019-q4-major/bin/../lib/gcc/arm-none-eabi/9.2.1/../../../../arm-none-eabi/lib/thumb/v7e-m+dp/hard\libg_nano.a(lib_a-wbuf.o)
                0x0000ef4c                __swbuf_r
 .text.__swsetup_r
                0x0000eff0       0xdc c:/program files (x86)/gnu tools arm embedded/9 2019-q4-major/bin/../lib/gcc/arm-none-eabi/9.2.1/../../../../arm-none-eabi/lib/thumb/v7e-m+dp/hard\libg_nano.a(lib_a-wsetup.o)
                0x0000eff0                __swsetup_r
 .text.quorem   0x0000f0cc      0x116 c:/program files (x86)/gnu tools arm embedded/9 2019-q4-major/bin/../lib/gcc/arm-none-eabi/9.2.1/../../../../arm-none-eabi/lib/thumb/v7e-m+dp/hard\libg_nano.a(lib_a-dtoa.o)
 *fill*         0x0000f1e2        0x6 
 .text._dtoa_r  0x0000f1e8      0xad8 c:/program files (x86)/gnu tools arm embedded/9 2019-q4-major/bin/../lib/gcc/arm-none-eabi/9.2.1/../../../../arm-none-eabi/lib/thumb/v7e-m+dp/hard\libg_nano.a(lib_a-dtoa.o)
                0x0000f1e8                _dtoa_r
 .text.__sflush_r
                0x0000fcc0      0x10c c:/program files (x86)/gnu tools arm embedded/9 2019-q4-major/bin/../lib/gcc/arm-none-eabi/9.2.1/../../../../arm-none-eabi/lib/thumb/v7e-m+dp/hard\libg_nano.a(lib_a-fflush.o)
                0x0000fcc0                __sflush_r
 .text._fflush_r
                0x0000fdcc       0x78 c:/program files (x86)/gnu tools arm embedded/9 2019-q4-major/bin/../lib/gcc/arm-none-eabi/9.2.1/../../../../arm-none-eabi/lib/thumb/v7e-m+dp/hard\libg_nano.a(lib_a-fflush.o)
                0x0000fdcc                _fflush_r
 .text.std      0x0000fe44       0x48 c:/program files (x86)/gnu tools arm embedded/9 2019-q4-major/bin/../lib/gcc/arm-none-eabi/9.2.1/../../../../arm-none-eabi/lib/thumb/v7e-m+dp/hard\libg_nano.a(lib_a-findfp.o)
 .text._cleanup_r
                0x0000fe8c        0xc c:/program files (x86)/gnu tools arm embedded/9 2019-q4-major/bin/../lib/gcc/arm-none-eabi/9.2.1/../../../../arm-none-eabi/lib/thumb/v7e-m+dp/hard\libg_nano.a(lib_a-findfp.o)
                0x0000fe8c                _cleanup_r
 .text.__sfmoreglue
                0x0000fe98       0x2c c:/program files (x86)/gnu tools arm embedded/9 2019-q4-major/bin/../lib/gcc/arm-none-eabi/9.2.1/../../../../arm-none-eabi/lib/thumb/v7e-m+dp/hard\libg_nano.a(lib_a-findfp.o)
                0x0000fe98                __sfmoreglue
 .text.__sfp_lock_acquire
                0x0000fec4        0xc c:/program files (x86)/gnu tools arm embedded/9 2019-q4-major/bin/../lib/gcc/arm-none-eabi/9.2.1/../../../../arm-none-eabi/lib/thumb/v7e-m+dp/hard\libg_nano.a(lib_a-findfp.o)
                0x0000fec4                __sfp_lock_acquire
 .text.__sfp_lock_release
                0x0000fed0        0xc c:/program files (x86)/gnu tools arm embedded/9 2019-q4-major/bin/../lib/gcc/arm-none-eabi/9.2.1/../../../../arm-none-eabi/lib/thumb/v7e-m+dp/hard\libg_nano.a(lib_a-findfp.o)
                0x0000fed0                __sfp_lock_release
 .text.__sinit_lock_acquire
                0x0000fedc        0xc c:/program files (x86)/gnu tools arm embedded/9 2019-q4-major/bin/../lib/gcc/arm-none-eabi/9.2.1/../../../../arm-none-eabi/lib/thumb/v7e-m+dp/hard\libg_nano.a(lib_a-findfp.o)
                0x0000fedc                __sinit_lock_acquire
 .text.__sinit_lock_release
                0x0000fee8        0xc c:/program files (x86)/gnu tools arm embedded/9 2019-q4-major/bin/../lib/gcc/arm-none-eabi/9.2.1/../../../../arm-none-eabi/lib/thumb/v7e-m+dp/hard\libg_nano.a(lib_a-findfp.o)
                0x0000fee8                __sinit_lock_release
 .text.__sinit  0x0000fef4       0x70 c:/program files (x86)/gnu tools arm embedded/9 2019-q4-major/bin/../lib/gcc/arm-none-eabi/9.2.1/../../../../arm-none-eabi/lib/thumb/v7e-m+dp/hard\libg_nano.a(lib_a-findfp.o)
                0x0000fef4                __sinit
 .text.__sfp    0x0000ff64       0x8c c:/program files (x86)/gnu tools arm embedded/9 2019-q4-major/bin/../lib/gcc/arm-none-eabi/9.2.1/../../../../arm-none-eabi/lib/thumb/v7e-m+dp/hard\libg_nano.a(lib_a-findfp.o)
                0x0000ff64                __sfp
 .text._fwalk_reent
                0x0000fff0       0x3e c:/program files (x86)/gnu tools arm embedded/9 2019-q4-major/bin/../lib/gcc/arm-none-eabi/9.2.1/../../../../arm-none-eabi/lib/thumb/v7e-m+dp/hard\libg_nano.a(lib_a-fwalk.o)
                0x0000fff0                _fwalk_reent
 *fill*         0x0001002e        0x2 
 .text._localeconv_r
                0x00010030        0x8 c:/program files (x86)/gnu tools arm embedded/9 2019-q4-major/bin/../lib/gcc/arm-none-eabi/9.2.1/../../../../arm-none-eabi/lib/thumb/v7e-m+dp/hard\libg_nano.a(lib_a-localeconv.o)
                0x00010030                _localeconv_r
 .text.__retarget_lock_init_recursive
                0x00010038        0x2 c:/program files (x86)/gnu tools arm embedded/9 2019-q4-major/bin/../lib/gcc/arm-none-eabi/9.2.1/../../../../arm-none-eabi/lib/thumb/v7e-m+dp/hard\libg_nano.a(lib_a-lock.o)
                0x00010038                __retarget_lock_init_recursive
 .text.__retarget_lock_acquire_recursive
                0x0001003a        0x2 c:/program files (x86)/gnu tools arm embedded/9 2019-q4-major/bin/../lib/gcc/arm-none-eabi/9.2.1/../../../../arm-none-eabi/lib/thumb/v7e-m+dp/hard\libg_nano.a(lib_a-lock.o)
                0x0001003a                __retarget_lock_acquire_recursive
 .text.__retarget_lock_release_recursive
                0x0001003c        0x2 c:/program files (x86)/gnu tools arm embedded/9 2019-q4-major/bin/../lib/gcc/arm-none-eabi/9.2.1/../../../../arm-none-eabi/lib/thumb/v7e-m+dp/hard\libg_nano.a(lib_a-lock.o)
                0x0001003c                __retarget_lock_release_recursive
 .text.__swhatbuf_r
                0x0001003e       0x48 c:/program files (x86)/gnu tools arm embedded/9 2019-q4-major/bin/../lib/gcc/arm-none-eabi/9.2.1/../../../../arm-none-eabi/lib/thumb/v7e-m+dp/hard\libg_nano.a(lib_a-makebuf.o)
                0x0001003e                __swhatbuf_r
 *fill*         0x00010086        0x2 
 .text.__smakebuf_r
                0x00010088       0x80 c:/program files (x86)/gnu tools arm embedded/9 2019-q4-major/bin/../lib/gcc/arm-none-eabi/9.2.1/../../../../arm-none-eabi/lib/thumb/v7e-m+dp/hard\libg_nano.a(lib_a-makebuf.o)
                0x00010088                __smakebuf_r
 .text.__malloc_lock
                0x00010108        0xc c:/program files (x86)/gnu tools arm embedded/9 2019-q4-major/bin/../lib/gcc/arm-none-eabi/9.2.1/../../../../arm-none-eabi/lib/thumb/v7e-m+dp/hard\libg_nano.a(lib_a-mlock.o)
                0x00010108                __malloc_lock
 .text.__malloc_unlock
                0x00010114        0xc c:/program files (x86)/gnu tools arm embedded/9 2019-q4-major/bin/../lib/gcc/arm-none-eabi/9.2.1/../../../../arm-none-eabi/lib/thumb/v7e-m+dp/hard\libg_nano.a(lib_a-mlock.o)
                0x00010114                __malloc_unlock
 .text._Balloc  0x00010120       0x68 c:/program files (x86)/gnu tools arm embedded/9 2019-q4-major/bin/../lib/gcc/arm-none-eabi/9.2.1/../../../../arm-none-eabi/lib/thumb/v7e-m+dp/hard\libg_nano.a(lib_a-mprec.o)
                0x00010120                _Balloc
 .text._Bfree   0x00010188       0x2e c:/program files (x86)/gnu tools arm embedded/9 2019-q4-major/bin/../lib/gcc/arm-none-eabi/9.2.1/../../../../arm-none-eabi/lib/thumb/v7e-m+dp/hard\libg_nano.a(lib_a-mprec.o)
                0x00010188                _Bfree
 .text.__multadd
                0x000101b6       0x7c c:/program files (x86)/gnu tools arm embedded/9 2019-q4-major/bin/../lib/gcc/arm-none-eabi/9.2.1/../../../../arm-none-eabi/lib/thumb/v7e-m+dp/hard\libg_nano.a(lib_a-mprec.o)
                0x000101b6                __multadd
 .text.__hi0bits
                0x00010232       0x40 c:/program files (x86)/gnu tools arm embedded/9 2019-q4-major/bin/../lib/gcc/arm-none-eabi/9.2.1/../../../../arm-none-eabi/lib/thumb/v7e-m+dp/hard\libg_nano.a(lib_a-mprec.o)
                0x00010232                __hi0bits
 .text.__lo0bits
                0x00010272       0x60 c:/program files (x86)/gnu tools arm embedded/9 2019-q4-major/bin/../lib/gcc/arm-none-eabi/9.2.1/../../../../arm-none-eabi/lib/thumb/v7e-m+dp/hard\libg_nano.a(lib_a-mprec.o)
                0x00010272                __lo0bits
 .text.__i2b    0x000102d2       0x12 c:/program files (x86)/gnu tools arm embedded/9 2019-q4-major/bin/../lib/gcc/arm-none-eabi/9.2.1/../../../../arm-none-eabi/lib/thumb/v7e-m+dp/hard\libg_nano.a(lib_a-mprec.o)
                0x000102d2                __i2b
 .text.__multiply
                0x000102e4      0x138 c:/program files (x86)/gnu tools arm embedded/9 2019-q4-major/bin/../lib/gcc/arm-none-eabi/9.2.1/../../../../arm-none-eabi/lib/thumb/v7e-m+dp/hard\libg_nano.a(lib_a-mprec.o)
                0x000102e4                __multiply
 .text.__pow5mult
                0x0001041c       0x9c c:/program files (x86)/gnu tools arm embedded/9 2019-q4-major/bin/../lib/gcc/arm-none-eabi/9.2.1/../../../../arm-none-eabi/lib/thumb/v7e-m+dp/hard\libg_nano.a(lib_a-mprec.o)
                0x0001041c                __pow5mult
 .text.__lshift
                0x000104b8       0xbe c:/program files (x86)/gnu tools arm embedded/9 2019-q4-major/bin/../lib/gcc/arm-none-eabi/9.2.1/../../../../arm-none-eabi/lib/thumb/v7e-m+dp/hard\libg_nano.a(lib_a-mprec.o)
                0x000104b8                __lshift
 .text.__mcmp   0x00010576       0x38 c:/program files (x86)/gnu tools arm embedded/9 2019-q4-major/bin/../lib/gcc/arm-none-eabi/9.2.1/../../../../arm-none-eabi/lib/thumb/v7e-m+dp/hard\libg_nano.a(lib_a-mprec.o)
                0x00010576                __mcmp
 .text.__mdiff  0x000105ae       0xec c:/program files (x86)/gnu tools arm embedded/9 2019-q4-major/bin/../lib/gcc/arm-none-eabi/9.2.1/../../../../arm-none-eabi/lib/thumb/v7e-m+dp/hard\libg_nano.a(lib_a-mprec.o)
                0x000105ae                __mdiff
 .text.__d2b    0x0001069a       0xa0 c:/program files (x86)/gnu tools arm embedded/9 2019-q4-major/bin/../lib/gcc/arm-none-eabi/9.2.1/../../../../arm-none-eabi/lib/thumb/v7e-m+dp/hard\libg_nano.a(lib_a-mprec.o)
                0x0001069a                __d2b
 .text._calloc_r
                0x0001073a       0x1e c:/program files (x86)/gnu tools arm embedded/9 2019-q4-major/bin/../lib/gcc/arm-none-eabi/9.2.1/../../../../arm-none-eabi/lib/thumb/v7e-m+dp/hard\libg_nano.a(lib_a-nano-callocr.o)
                0x0001073a                _calloc_r
 .text.__ssputs_r
                0x00010758       0xb6 c:/program files (x86)/gnu tools arm embedded/9 2019-q4-major/bin/../lib/gcc/arm-none-eabi/9.2.1/../../../../arm-none-eabi/lib/thumb/v7e-m+dp/hard\libg_nano.a(lib_a-nano-svfprintf.o)
                0x00010758                __ssputs_r
 *fill*         0x0001080e        0x2 
 .text._svfprintf_r
                0x00010810      0x200 c:/program files (x86)/gnu tools arm embedded/9 2019-q4-major/bin/../lib/gcc/arm-none-eabi/9.2.1/../../../../arm-none-eabi/lib/thumb/v7e-m+dp/hard\libg_nano.a(lib_a-nano-svfprintf.o)
                0x00010810                _svfiprintf_r
                0x00010810                _svfprintf_r
 .text.__sfputc_r
                0x00010a10       0x2e c:/program files (x86)/gnu tools arm embedded/9 2019-q4-major/bin/../lib/gcc/arm-none-eabi/9.2.1/../../../../arm-none-eabi/lib/thumb/v7e-m+dp/hard\libg_nano.a(lib_a-nano-vfprintf.o)
 .text.__sfputs_r
                0x00010a3e       0x24 c:/program files (x86)/gnu tools arm embedded/9 2019-q4-major/bin/../lib/gcc/arm-none-eabi/9.2.1/../../../../arm-none-eabi/lib/thumb/v7e-m+dp/hard\libg_nano.a(lib_a-nano-vfprintf.o)
                0x00010a3e                __sfputs_r
 *fill*         0x00010a62        0x2 
 .text._vfprintf_r
                0x00010a64      0x260 c:/program files (x86)/gnu tools arm embedded/9 2019-q4-major/bin/../lib/gcc/arm-none-eabi/9.2.1/../../../../arm-none-eabi/lib/thumb/v7e-m+dp/hard\libg_nano.a(lib_a-nano-vfprintf.o)
                0x00010a64                _vfprintf_r
                0x00010a64                _vfiprintf_r
 .text._putc_r  0x00010cc4       0x90 c:/program files (x86)/gnu tools arm embedded/9 2019-q4-major/bin/../lib/gcc/arm-none-eabi/9.2.1/../../../../arm-none-eabi/lib/thumb/v7e-m+dp/hard\libg_nano.a(lib_a-putc.o)
                0x00010cc4                _putc_r
 .text.__sread  0x00010d54       0x22 c:/program files (x86)/gnu tools arm embedded/9 2019-q4-major/bin/../lib/gcc/arm-none-eabi/9.2.1/../../../../arm-none-eabi/lib/thumb/v7e-m+dp/hard\libg_nano.a(lib_a-stdio.o)
                0x00010d54                __sread
 .text.__swrite
                0x00010d76       0x38 c:/program files (x86)/gnu tools arm embedded/9 2019-q4-major/bin/../lib/gcc/arm-none-eabi/9.2.1/../../../../arm-none-eabi/lib/thumb/v7e-m+dp/hard\libg_nano.a(lib_a-stdio.o)
                0x00010d76                __swrite
 .text.__sseek  0x00010dae       0x24 c:/program files (x86)/gnu tools arm embedded/9 2019-q4-major/bin/../lib/gcc/arm-none-eabi/9.2.1/../../../../arm-none-eabi/lib/thumb/v7e-m+dp/hard\libg_nano.a(lib_a-stdio.o)
                0x00010dae                __sseek
 .text.__sclose
                0x00010dd2        0x8 c:/program files (x86)/gnu tools arm embedded/9 2019-q4-major/bin/../lib/gcc/arm-none-eabi/9.2.1/../../../../arm-none-eabi/lib/thumb/v7e-m+dp/hard\libg_nano.a(lib_a-stdio.o)
                0x00010dd2                __sclose
 *fill*         0x00010dda        0x2 
 .text._write_r
                0x00010ddc       0x24 c:/program files (x86)/gnu tools arm embedded/9 2019-q4-major/bin/../lib/gcc/arm-none-eabi/9.2.1/../../../../arm-none-eabi/lib/thumb/v7e-m+dp/hard\libg_nano.a(lib_a-writer.o)